Component: ARM Compiler 5.06 update 1 (build 61) Tool: armlink [4d35a8]

==============================================================================

Section Cross References

    startup_stm32f427xx.o(RESET) refers to startup_stm32f427xx.o(STACK) for __initial_sp
    startup_stm32f427xx.o(RESET) refers to startup_stm32f427xx.o(.text) for Reset_Handler
    startup_stm32f427xx.o(RESET) refers to stm32f4xx_it.o(i.NMI_Handler) for NMI_Handler
    startup_stm32f427xx.o(RESET) refers to stm32f4xx_it.o(i.HardFault_Handler) for HardFault_Handler
    startup_stm32f427xx.o(RESET) refers to stm32f4xx_it.o(i.MemManage_Handler) for MemManage_Handler
    startup_stm32f427xx.o(RESET) refers to stm32f4xx_it.o(i.BusFault_Handler) for BusFault_Handler
    startup_stm32f427xx.o(RESET) refers to stm32f4xx_it.o(i.UsageFault_Handler) for UsageFault_Handler
    startup_stm32f427xx.o(RESET) refers to port.o(.emb_text) for SVC_Handler
    startup_stm32f427xx.o(RESET) refers to stm32f4xx_it.o(i.DebugMon_Handler) for DebugMon_Handler
    startup_stm32f427xx.o(RESET) refers to freertos_middleware.o(i.SysTick_Handler) for SysTick_Handler
    startup_stm32f427xx.o(RESET) refers to usart2.o(i.DMA1_Stream6_IRQHandler) for DMA1_Stream6_IRQHandler
    startup_stm32f427xx.o(RESET) refers to can_receive.o(i.CAN1_RX0_IRQHandler) for CAN1_RX0_IRQHandler
    startup_stm32f427xx.o(RESET) refers to ins_task.o(i.EXTI9_5_IRQHandler) for EXTI9_5_IRQHandler
    startup_stm32f427xx.o(RESET) refers to freertos_middleware.o(i.TIM3_IRQHandler) for TIM3_IRQHandler
    startup_stm32f427xx.o(RESET) refers to remote_control.o(i.USART1_IRQHandler) for USART1_IRQHandler
    startup_stm32f427xx.o(RESET) refers to usart2.o(i.USART2_IRQHandler) for USART2_IRQHandler
    startup_stm32f427xx.o(RESET) refers to can_receive.o(i.TIM6_DAC_IRQHandler) for TIM6_DAC_IRQHandler
    startup_stm32f427xx.o(RESET) refers to can_receive.o(i.CAN2_RX0_IRQHandler) for CAN2_RX0_IRQHandler
    startup_stm32f427xx.o(RESET) refers to ins_task.o(i.DMA2_Stream5_IRQHandler) for DMA2_Stream5_IRQHandler
    startup_stm32f427xx.o(RESET) refers to usart6_dma.o(i.DMA2_Stream7_IRQHandler) for DMA2_Stream7_IRQHandler
    startup_stm32f427xx.o(RESET) refers to usart6_dma.o(i.USART6_IRQHandler) for USART6_IRQHandler
    startup_stm32f427xx.o(RESET) refers to judge.o(i.UART8_IRQHandler) for UART8_IRQHandler
    startup_stm32f427xx.o(.text) refers to system_stm32f4xx.o(i.SystemInit) for SystemInit
    startup_stm32f427xx.o(.text) refers to entry.o(.ARM.Collect$$$$00000000) for __main
    system_stm32f4xx.o(i.SystemCoreClockUpdate) refers to system_stm32f4xx.o(.data) for SystemCoreClock
    system_stm32f4xx.o(i.SystemInit) refers to system_stm32f4xx.o(i.SetSysClock) for SetSysClock
    stm32f4xx_adc.o(i.ADC_DeInit) refers to stm32f4xx_rcc.o(i.RCC_APB2PeriphResetCmd) for RCC_APB2PeriphResetCmd
    stm32f4xx_can.o(i.CAN_DeInit) refers to stm32f4xx_rcc.o(i.RCC_APB1PeriphResetCmd) for RCC_APB1PeriphResetCmd
    stm32f4xx_can.o(i.CAN_GetITStatus) refers to stm32f4xx_can.o(i.CheckITStatus) for CheckITStatus
    stm32f4xx_cryp.o(i.CRYP_DeInit) refers to stm32f4xx_rcc.o(i.RCC_AHB2PeriphResetCmd) for RCC_AHB2PeriphResetCmd
    stm32f4xx_cryp_aes.o(i.CRYP_AES_CBC) refers to stm32f4xx_cryp.o(i.CRYP_KeyStructInit) for CRYP_KeyStructInit
    stm32f4xx_cryp_aes.o(i.CRYP_AES_CBC) refers to stm32f4xx_cryp.o(i.CRYP_FIFOFlush) for CRYP_FIFOFlush
    stm32f4xx_cryp_aes.o(i.CRYP_AES_CBC) refers to stm32f4xx_cryp.o(i.CRYP_Init) for CRYP_Init
    stm32f4xx_cryp_aes.o(i.CRYP_AES_CBC) refers to stm32f4xx_cryp.o(i.CRYP_KeyInit) for CRYP_KeyInit
    stm32f4xx_cryp_aes.o(i.CRYP_AES_CBC) refers to stm32f4xx_cryp.o(i.CRYP_Cmd) for CRYP_Cmd
    stm32f4xx_cryp_aes.o(i.CRYP_AES_CBC) refers to stm32f4xx_cryp.o(i.CRYP_GetFlagStatus) for CRYP_GetFlagStatus
    stm32f4xx_cryp_aes.o(i.CRYP_AES_CBC) refers to stm32f4xx_cryp.o(i.CRYP_IVInit) for CRYP_IVInit
    stm32f4xx_cryp_aes.o(i.CRYP_AES_CBC) refers to stm32f4xx_cryp.o(i.CRYP_GetCmdStatus) for CRYP_GetCmdStatus
    stm32f4xx_cryp_aes.o(i.CRYP_AES_CBC) refers to stm32f4xx_cryp.o(i.CRYP_DataIn) for CRYP_DataIn
    stm32f4xx_cryp_aes.o(i.CRYP_AES_CBC) refers to stm32f4xx_cryp.o(i.CRYP_DataOut) for CRYP_DataOut
    stm32f4xx_cryp_aes.o(i.CRYP_AES_CCM) refers to stm32f4xx_cryp.o(i.CRYP_KeyStructInit) for CRYP_KeyStructInit
    stm32f4xx_cryp_aes.o(i.CRYP_AES_CCM) refers to stm32f4xx_cryp.o(i.CRYP_FIFOFlush) for CRYP_FIFOFlush
    stm32f4xx_cryp_aes.o(i.CRYP_AES_CCM) refers to stm32f4xx_cryp.o(i.CRYP_KeyInit) for CRYP_KeyInit
    stm32f4xx_cryp_aes.o(i.CRYP_AES_CCM) refers to stm32f4xx_cryp.o(i.CRYP_IVInit) for CRYP_IVInit
    stm32f4xx_cryp_aes.o(i.CRYP_AES_CCM) refers to stm32f4xx_cryp.o(i.CRYP_Init) for CRYP_Init
    stm32f4xx_cryp_aes.o(i.CRYP_AES_CCM) refers to stm32f4xx_cryp.o(i.CRYP_PhaseConfig) for CRYP_PhaseConfig
    stm32f4xx_cryp_aes.o(i.CRYP_AES_CCM) refers to stm32f4xx_cryp.o(i.CRYP_DataIn) for CRYP_DataIn
[...]
    _float_round                             0x08000873   Thumb Code    18  fepilogue.o(.text)
    _float_epilogue                          0x08000885   Thumb Code    92  fepilogue.o(.text)
    _double_round                            0x080008e1   Thumb Code    30  depilogue.o(.text)
    _double_epilogue                         0x080008ff   Thumb Code   156  depilogue.o(.text)
    __scatterload                            0x0800099d   Thumb Code    28  init.o(.text)
    __scatterload_rt2                        0x0800099d   Thumb Code     0  init.o(.text)
    __decompress                             0x080009c1   Thumb Code     0  __dczerorl2.o(.text)
    __decompress1                            0x080009c1   Thumb Code    86  __dczerorl2.o(.text)
    ADC_ClearFlag                            0x08000a17   Thumb Code     6  stm32f4xx_adc.o(i.ADC_ClearFlag)
    ADC_Cmd                                  0x08000a1d   Thumb Code    22  stm32f4xx_adc.o(i.ADC_Cmd)
    ADC_CommonInit                           0x08000a35   Thumb Code    34  stm32f4xx_adc.o(i.ADC_CommonInit)
    ADC_GetConversionValue                   0x08000a65   Thumb Code     8  stm32f4xx_adc.o(i.ADC_GetConversionValue)
    ADC_GetFlagStatus                        0x08000a6d   Thumb Code    18  stm32f4xx_adc.o(i.ADC_GetFlagStatus)
    ADC_Init                                 0x08000a81   Thumb Code    74  stm32f4xx_adc.o(i.ADC_Init)
    ADC_RegularChannelConfig                 0x08000ad5   Thumb Code   184  stm32f4xx_adc.o(i.ADC_RegularChannelConfig)
    ADC_SoftwareStartConv                    0x08000b8d   Thumb Code    10  stm32f4xx_adc.o(i.ADC_SoftwareStartConv)
    ADC_TempSensorVrefintCmd                 0x08000b99   Thumb Code    34  stm32f4xx_adc.o(i.ADC_TempSensorVrefintCmd)
    AHRS_asinf                               0x08000bc5   Thumb Code    24  ahrs_middleware.o(i.AHRS_asinf)
    AHRS_atan2f                              0x08000bdd   Thumb Code    32  ahrs_middleware.o(i.AHRS_atan2f)
    AHRS_cosf                                0x08000bfd   Thumb Code    24  ahrs_middleware.o(i.AHRS_cosf)
    AHRS_get_height                          0x08000c31   Thumb Code    12  ahrs_middleware.o(i.AHRS_get_height)
    AHRS_get_latitude                        0x08000c41   Thumb Code    12  ahrs_middleware.o(i.AHRS_get_latitude)
    AHRS_init                                0x08000c51   Thumb Code   626  ahrs.o(i.AHRS_init)
    AHRS_invSqrt                             0x08000eed   Thumb Code    56  ahrs_middleware.o(i.AHRS_invSqrt)
    AHRS_sinf                                0x08000f29   Thumb Code    24  ahrs_middleware.o(i.AHRS_sinf)
    AHRS_update                              0x08000f41   Thumb Code   314  ahrs.o(i.AHRS_update)
    BSP_init                                 0x0800107b   Thumb Code   170  main.o(i.BSP_init)
    BusFault_Handler                         0x08001125   Thumb Code     4  stm32f4xx_it.o(i.BusFault_Handler)
    CAN1_RX0_IRQHandler                      0x08001129   Thumb Code    38  can_receive.o(i.CAN1_RX0_IRQHandler)
    CAN1_mode_init                           0x08001219   Thumb Code   264  can.o(i.CAN1_mode_init)
    CAN2_RX0_IRQHandler                      0x08001329   Thumb Code    38  can_receive.o(i.CAN2_RX0_IRQHandler)
    CAN2_mode_init                           0x0800154d   Thumb Code   268  can.o(i.CAN2_mode_init)
    CAN_CMD_CHASSIS                          0x08001661   Thumb Code    94  can_receive.o(i.CAN_CMD_CHASSIS)
    CAN_CMD_GIMBAL                           0x080016c5   Thumb Code    68  can_receive.o(i.CAN_CMD_GIMBAL)
    CAN_ClearITPendingBit                    0x08001711   Thumb Code   162  stm32f4xx_can.o(i.CAN_ClearITPendingBit)
    CAN_FilterInit                           0x080017b9   Thumb Code   258  stm32f4xx_can.o(i.CAN_FilterInit)
    CAN_GetITStatus                          0x080018c1   Thumb Code   284  stm32f4xx_can.o(i.CAN_GetITStatus)
    CAN_ITConfig                             0x080019e1   Thumb Code    18  stm32f4xx_can.o(i.CAN_ITConfig)
    CAN_Init                                 0x080019f3   Thumb Code   276  stm32f4xx_can.o(i.CAN_Init)
    CAN_Receive                              0x08001b07   Thumb Code   240  stm32f4xx_can.o(i.CAN_Receive)
    CAN_Transmit                             0x08001bf7   Thumb Code   294  stm32f4xx_can.o(i.CAN_Transmit)
    DMA1_Stream6_IRQHandler                  0x08001d31   Thumb Code    38  usart2.o(i.DMA1_Stream6_IRQHandler)
    DMA2_Stream5_IRQHandler                  0x08001d65   Thumb Code    66  ins_task.o(i.DMA2_Stream5_IRQHandler)
    DMA2_Stream7_IRQHandler                  0x08001dbd   Thumb Code    42  usart6_dma.o(i.DMA2_Stream7_IRQHandler)
    DMA_ClearFlag                            0x08001df1   Thumb Code    38  stm32f4xx_dma.o(i.DMA_ClearFlag)
    DMA_ClearITPendingBit                    0x08001e25   Thumb Code    38  stm32f4xx_dma.o(i.DMA_ClearITPendingBit)
    DMA_Cmd                                  0x08001e59   Thumb Code    22  stm32f4xx_dma.o(i.DMA_Cmd)
    DMA_DeInit                               0x08001e71   Thumb Code   324  stm32f4xx_dma.o(i.DMA_DeInit)
    DMA_DoubleBufferModeCmd                  0x08001fc9   Thumb Code    22  stm32f4xx_dma.o(i.DMA_DoubleBufferModeCmd)
    DMA_DoubleBufferModeConfig               0x08001fdf   Thumb Code    24  stm32f4xx_dma.o(i.DMA_DoubleBufferModeConfig)
    DMA_GetCmdStatus                         0x08001ff7   Thumb Code    20  stm32f4xx_dma.o(i.DMA_GetCmdStatus)
    DMA_GetCurrDataCounter                   0x0800200b   Thumb Code     8  stm32f4xx_dma.o(i.DMA_GetCurrDataCounter)
    DMA_GetCurrentMemoryTarget               0x08002013   Thumb Code    20  stm32f4xx_dma.o(i.DMA_GetCurrentMemoryTarget)
    DMA_GetFlagStatus                        0x08002029   Thumb Code    54  stm32f4xx_dma.o(i.DMA_GetFlagStatus)
    DMA_ITConfig                             0x0800206d   Thumb Code    58  stm32f4xx_dma.o(i.DMA_ITConfig)
    DMA_Init                                 0x080020a9   Thumb Code    82  stm32f4xx_dma.o(i.DMA_Init)
    DMA_SetCurrDataCounter                   0x08002101   Thumb Code     4  stm32f4xx_dma.o(i.DMA_SetCurrDataCounter)
    DebugMon_Handler                         0x08002105   Thumb Code     2  stm32f4xx_it.o(i.DebugMon_Handler)
    DetectHook                               0x080021d5   Thumb Code   288  detect_task.o(i.DetectHook)
    DetectTask                               0x0800247d   Thumb Code   640  detect_task.o(i.DetectTask)
    EXTI9_5_IRQHandler                       0x08002711   Thumb Code    32  ins_task.o(i.EXTI9_5_IRQHandler)
    EXTI_ClearITPendingBit                   0x08002731   Thumb Code     6  stm32f4xx_exti.o(i.EXTI_ClearITPendingBit)
    EXTI_GetITStatus                         0x0800273d   Thumb Code    20  stm32f4xx_exti.o(i.EXTI_GetITStatus)
    EXTI_Init                                0x08002755   Thumb Code   142  stm32f4xx_exti.o(i.EXTI_Init)
    FLASH_ClearFlag                          0x080027e9   Thumb Code     6  stm32f4xx_flash.o(i.FLASH_ClearFlag)
    FLASH_EraseSector                        0x080027f5   Thumb Code   130  stm32f4xx_flash.o(i.FLASH_EraseSector)
    FLASH_GetStatus                          0x0800287d   Thumb Code    80  stm32f4xx_flash.o(i.FLASH_GetStatus)
    FLASH_Lock                               0x080028d1   Thumb Code    14  stm32f4xx_flash.o(i.FLASH_Lock)
    FLASH_ProgramWord                        0x080028e5   Thumb Code    74  stm32f4xx_flash.o(i.FLASH_ProgramWord)
    FLASH_Unlock                             0x08002935   Thumb Code    24  stm32f4xx_flash.o(i.FLASH_Unlock)
    FLASH_WaitForLastOperation               0x08002959   Thumb Code    34  stm32f4xx_flash.o(i.FLASH_WaitForLastOperation)
    GIMBAL_task                              0x08002b95   Thumb Code   222  gimbal_task.o(i.GIMBAL_task)
    GPIOB_Exti8_GPIO_Init                    0x08002c91   Thumb Code   130  exit_init.o(i.GPIOB_Exti8_GPIO_Init)
    GPIO_Init                                0x08002d19   Thumb Code   144  stm32f4xx_gpio.o(i.GPIO_Init)
    GPIO_PinAFConfig                         0x08002da9   Thumb Code    70  stm32f4xx_gpio.o(i.GPIO_PinAFConfig)
    GPIO_ReadInputDataBit                    0x08002def   Thumb Code    18  stm32f4xx_gpio.o(i.GPIO_ReadInputDataBit)
    GPIO_ResetBits                           0x08002e01   Thumb Code     4  stm32f4xx_gpio.o(i.GPIO_ResetBits)
    GPIO_SetBits                             0x08002e05   Thumb Code     4  stm32f4xx_gpio.o(i.GPIO_SetBits)
    GPIO_ToggleBits                          0x08002e09   Thumb Code     8  stm32f4xx_gpio.o(i.GPIO_ToggleBits)
    HardFault_Handler                        0x080031e5   Thumb Code     4  stm32f4xx_it.o(i.HardFault_Handler)
    INSTask                                  0x080033d5   Thumb Code   696  ins_task.o(i.INSTask)
    INS_cali_gyro                            0x080036f5   Thumb Code    96  ins_task.o(i.INS_cali_gyro)
    INS_set_cali_gyro                        0x08003769   Thumb Code    28  ins_task.o(i.INS_set_cali_gyro)
    Init_Dma_Rx_Config                       0x08003789   Thumb Code   118  usart6_dma.o(i.Init_Dma_Rx_Config)
    Init_Dma_Rx_Config2                      0x080037ff   Thumb Code   118  usart2.o(i.Init_Dma_Rx_Config2)
    Init_Dma_Tx_Config                       0x08003875   Thumb Code   166  usart6_dma.o(i.Init_Dma_Tx_Config)
    Init_Dma_Tx_Config2                      0x0800391b   Thumb Code   168  usart2.o(i.Init_Dma_Tx_Config2)
    Init_Usart2                              0x080039c5   Thumb Code   174  usart2.o(i.Init_Usart2)
    Init_Usart6                              0x08003a7d   Thumb Code   176  usart6_dma.o(i.Init_Usart6)
    MemManage_Handler                        0x08003b35   Thumb Code     4  stm32f4xx_it.o(i.MemManage_Handler)
    NMI_Handler                              0x08003b39   Thumb Code     2  stm32f4xx_it.o(i.NMI_Handler)
    NVIC_Init                                0x08003b3d   Thumb Code   106  misc.o(i.NVIC_Init)
    NVIC_PriorityGroupConfig                 0x08003bb5   Thumb Code    10  misc.o(i.NVIC_PriorityGroupConfig)
    PID_Calc                                 0x08003bc9   Thumb Code   492  pid.o(i.PID_Calc)
    PID_Init                                 0x08003db9   Thumb Code    92  pid.o(i.PID_Init)
    PID_clear                                0x08003e19   Thumb Code    72  pid.o(i.PID_clear)
    RCC_AHB1PeriphClockCmd                   0x08003e65   Thumb Code    26  stm32f4xx_rcc.o(i.RCC_AHB1PeriphClockCmd)
    RCC_APB1PeriphClockCmd                   0x08003e85   Thumb Code    26  stm32f4xx_rcc.o(i.RCC_APB1PeriphClockCmd)
    RCC_APB1PeriphResetCmd                   0x08003ea5   Thumb Code    26  stm32f4xx_rcc.o(i.RCC_APB1PeriphResetCmd)
    RCC_APB2PeriphClockCmd                   0x08003ec5   Thumb Code    26  stm32f4xx_rcc.o(i.RCC_APB2PeriphClockCmd)
    RCC_APB2PeriphResetCmd                   0x08003ee5   Thumb Code    26  stm32f4xx_rcc.o(i.RCC_APB2PeriphResetCmd)
    RCC_GetClocksFreq                        0x08003f05   Thumb Code   214  stm32f4xx_rcc.o(i.RCC_GetClocksFreq)
    RC_Init                                  0x08003fed   Thumb Code   312  rc.o(i.RC_Init)
    RC_data_is_error                         0x08004421   Thumb Code   146  remote_control.o(i.RC_data_is_error)
    RC_restart                               0x080044b9   Thumb Code    72  rc.o(i.RC_restart)
    RC_unable                                0x0800450d   Thumb Code    12  rc.o(i.RC_unable)
    SHOOT_task                               0x080045f9   Thumb Code   416  shoot_task_new.o(i.SHOOT_task)
    SPI5Init                                 0x080047b5   Thumb Code   182  spi.o(i.SPI5Init)
    SPI5SetSpeedAndDataSize                  0x08004875   Thumb Code    42  spi.o(i.SPI5SetSpeedAndDataSize)
    SPI5_DMA_Enable                          0x080048a5   Thumb Code   104  spi.o(i.SPI5_DMA_Enable)
    SPI5_DMA_Init                            0x08004919   Thumb Code   240  spi.o(i.SPI5_DMA_Init)
    SPI_Cmd                                  0x08004a11   Thumb Code    24  stm32f4xx_spi.o(i.SPI_Cmd)
    SPI_I2S_DMACmd                           0x08004a29   Thumb Code    18  stm32f4xx_spi.o(i.SPI_I2S_DMACmd)
    SPI_I2S_GetFlagStatus                    0x08004a3b   Thumb Code    18  stm32f4xx_spi.o(i.SPI_I2S_GetFlagStatus)
    SPI_I2S_ReceiveData                      0x08004a4d   Thumb Code     6  stm32f4xx_spi.o(i.SPI_I2S_ReceiveData)
    SPI_I2S_SendData                         0x08004a53   Thumb Code     4  stm32f4xx_spi.o(i.SPI_I2S_SendData)
    SPI_Init                                 0x08004a57   Thumb Code    60  stm32f4xx_spi.o(i.SPI_Init)
    SYSCFG_EXTILineConfig                    0x08004a95   Thumb Code    60  stm32f4xx_syscfg.o(i.SYSCFG_EXTILineConfig)
    SysTick_CLKSourceConfig                  0x08004de9   Thumb Code    40  misc.o(i.SysTick_CLKSourceConfig)
    SysTick_Handler                          0x08004e11   Thumb Code    16  freertos_middleware.o(i.SysTick_Handler)
    SystemInit                               0x08004e21   Thumb Code    88  system_stm32f4xx.o(i.SystemInit)
    TIM3_IRQHandler                          0x08004e89   Thumb Code    40  freertos_middleware.o(i.TIM3_IRQHandler)
    TIM3_Init                                0x08004eb9   Thumb Code   210  timer.o(i.TIM3_Init)
    TIM4_PWM_Init                            0x08004f95   Thumb Code   156  fric.o(i.TIM4_PWM_Init)
    TIM6_DAC_IRQHandler                      0x08005039   Thumb Code    30  can_receive.o(i.TIM6_DAC_IRQHandler)
    TIM6_Init                                0x0800505d   Thumb Code   116  timer.o(i.TIM6_Init)
    TIM_ARRPreloadConfig                     0x080050d5   Thumb Code    24  stm32f4xx_tim.o(i.TIM_ARRPreloadConfig)
    TIM_ClearFlag                            0x080050ed   Thumb Code     6  stm32f4xx_tim.o(i.TIM_ClearFlag)
    TIM_Cmd                                  0x080050f3   Thumb Code    24  stm32f4xx_tim.o(i.TIM_Cmd)
    TIM_CtrlPWMOutputs                       0x0800510b   Thumb Code    30  stm32f4xx_tim.o(i.TIM_CtrlPWMOutputs)
    TIM_DeInit                               0x08005129   Thumb Code   346  stm32f4xx_tim.o(i.TIM_DeInit)
    TIM_GetITStatus                          0x080052b9   Thumb Code    34  stm32f4xx_tim.o(i.TIM_GetITStatus)
    TIM_ITConfig                             0x080052db   Thumb Code    18  stm32f4xx_tim.o(i.TIM_ITConfig)
    TIM_OC1Init                              0x080052ed   Thumb Code   114  stm32f4xx_tim.o(i.TIM_OC1Init)
    TIM_OC1PreloadConfig                     0x08005369   Thumb Code    18  stm32f4xx_tim.o(i.TIM_OC1PreloadConfig)
    TIM_OC2Init                              0x0800537d   Thumb Code   154  stm32f4xx_tim.o(i.TIM_OC2Init)
    TIM_OC2PreloadConfig                     0x08005421   Thumb Code    26  stm32f4xx_tim.o(i.TIM_OC2PreloadConfig)
    TIM_SetCompare1                          0x0800543b   Thumb Code     4  stm32f4xx_tim.o(i.TIM_SetCompare1)
    TIM_SetCompare2                          0x0800543f   Thumb Code     4  stm32f4xx_tim.o(i.TIM_SetCompare2)
    TIM_TimeBaseInit                         0x08005445   Thumb Code   104  stm32f4xx_tim.o(i.TIM_TimeBaseInit)
    UART8_IRQHandler                         0x080054c9   Thumb Code    30  judge.o(i.UART8_IRQHandler)
    USART1_IRQHandler                        0x080054f5   Thumb Code   216  remote_control.o(i.USART1_IRQHandler)
    USART2_IRQHandler                        0x080055e5   Thumb Code   136  usart2.o(i.USART2_IRQHandler)
    USART6_IRQHandler                        0x08005689   Thumb Code   142  usart6_dma.o(i.USART6_IRQHandler)
    USART_ClearFlag                          0x08005739   Thumb Code    18  stm32f4xx_usart.o(i.USART_ClearFlag)
    USART_Cmd                                0x0800574b   Thumb Code    24  stm32f4xx_usart.o(i.USART_Cmd)
    USART_DMACmd                             0x08005763   Thumb Code    18  stm32f4xx_usart.o(i.USART_DMACmd)
    USART_DeInit                             0x08005775   Thumb Code   206  stm32f4xx_usart.o(i.USART_DeInit)
    USART_GetITStatus                        0x08005865   Thumb Code    84  stm32f4xx_usart.o(i.USART_GetITStatus)
    USART_ITConfig                           0x080058b9   Thumb Code    74  stm32f4xx_usart.o(i.USART_ITConfig)
    USART_Init                               0x08005905   Thumb Code   204  stm32f4xx_usart.o(i.USART_Init)
    USART_ReceiveData                        0x080059d9   Thumb Code    10  stm32f4xx_usart.o(i.USART_ReceiveData)
    Uart8_Init                               0x080059e5   Thumb Code   164  judge.o(i.Uart8_Init)
    UsageFault_Handler                       0x08005a91   Thumb Code     4  stm32f4xx_it.o(i.UsageFault_Handler)
    UserTask                                 0x08005a95   Thumb Code    96  user_task.o(i.UserTask)
    __ARM_fpclassifyf                        0x08005b01   Thumb Code    38  fpclassifyf.o(i.__ARM_fpclassifyf)
    __hardfp_asinf                           0x08005b29   Thumb Code   258  asinf.o(i.__hardfp_asinf)
    __hardfp_atan2f                          0x08005c55   Thumb Code   502  atan2f.o(i.__hardfp_atan2f)
    __hardfp_fabs                            0x08005ea5   Thumb Code    20  fabs.o(i.__hardfp_fabs)
    __mathlib_flt_infnan                     0x08005eb9   Thumb Code     6  funder.o(i.__mathlib_flt_infnan)
    __mathlib_flt_infnan2                    0x08005ebf   Thumb Code     6  funder.o(i.__mathlib_flt_infnan2)
    __mathlib_flt_invalid                    0x08005ec5   Thumb Code    10  funder.o(i.__mathlib_flt_invalid)
    __mathlib_flt_underflow                  0x08005ed5   Thumb Code    10  funder.o(i.__mathlib_flt_underflow)
    __scatterload_copy                       0x08005ee5   Thumb Code    14  handlers.o(i.__scatterload_copy)
    __scatterload_null                       0x08005ef3   Thumb Code     2  handlers.o(i.__scatterload_null)
    __scatterload_zeroinit                   0x08005ef5   Thumb Code    14  handlers.o(i.__scatterload_zeroinit)
    __set_errno                              0x08005f05   Thumb Code     6  errno.o(i.__set_errno)
    buzzer_init                              0x080063d9   Thumb Code   174  buzzer.o(i.buzzer_init)
    buzzer_off                               0x08006491   Thumb Code    12  buzzer.o(i.buzzer_off)
    buzzer_on                                0x080064a1   Thumb Code    22  buzzer.o(i.buzzer_on)
    cali_param_init                          0x080068c9   Thumb Code   168  calibrate_task.o(i.cali_param_init)
    calibrate_task                           0x08006981   Thumb Code   304  calibrate_task.o(i.calibrate_task)
    chassis_behaviour_control_set            0x08006ac9   Thumb Code   156  chassis_behaviour.o(i.chassis_behaviour_control_set)
    chassis_behaviour_mode_set               0x08006b69   Thumb Code   132  chassis_behaviour.o(i.chassis_behaviour_mode_set)
    chassis_rc_to_control_vector             0x080076f9   Thumb Code   556  chassis_task.o(i.chassis_rc_to_control_vector)
    chassis_task                             0x08007c11   Thumb Code   196  chassis_task.o(i.chassis_task)
    cmd_cali_gimbal_hook                     0x08007d5d   Thumb Code   194  gimbal_task.o(i.cmd_cali_gimbal_hook)
    delay_init                               0x08007e29   Thumb Code    90  delay.o(i.delay_init)
    delay_ms                                 0x08007e95   Thumb Code    76  delay.o(i.delay_ms)
    delay_us                                 0x08007ee5   Thumb Code    76  delay.o(i.delay_us)
    first_order_filter_cali                  0x08007f35   Thumb Code    84  user_lib.o(i.first_order_filter_cali)
    first_order_filter_init                  0x08007f89   Thumb Code    32  user_lib.o(i.first_order_filter_init)
    flash_read                               0x08007fad   Thumb Code    32  flash.o(i.flash_read)
    flash_write_single_address               0x08007fcd   Thumb Code   184  flash.o(i.flash_write_single_address)
    flow_led_off                             0x08008085   Thumb Code    20  led.o(i.flow_led_off)
    flow_led_on                              0x0800809d   Thumb Code    20  led.o(i.flow_led_on)
    fp32_constrain                           0x080080b5   Thumb Code    42  user_lib.o(i.fp32_constrain)
    getReceviedU6                            0x080080e1   Thumb Code     4  uarttask.o(i.getReceviedU6)
    get_Chassis_Motor_Measure_Point          0x08008121   Thumb Code    16  can_receive.o(i.get_Chassis_Motor_Measure_Point)
    get_INS_angle_point                      0x08008135   Thumb Code     4  ins_task.o(i.get_INS_angle_point)
    get_MPU6500_Gyro_Data_Point              0x0800813d   Thumb Code     4  ins_task.o(i.get_MPU6500_Gyro_Data_Point)
    get_Pitch_Gimbal_Motor_Measure_Point     0x08008145   Thumb Code     4  can_receive.o(i.get_Pitch_Gimbal_Motor_Measure_Point)
    get_Trigger_Motor_Measure_Point          0x0800814d   Thumb Code     4  can_receive.o(i.get_Trigger_Motor_Measure_Point)
    get_Yaw_Gimbal_Motor_Measure_Point       0x08008155   Thumb Code     4  can_receive.o(i.get_Yaw_Gimbal_Motor_Measure_Point)
    get_angle                                0x0800815d   Thumb Code   232  ahrs.o(i.get_angle)
    get_control_temperate                    0x08008245   Thumb Code     8  calibrate_task.o(i.get_control_temperate)
    get_pitch_motor_point                    0x08008251   Thumb Code     4  gimbal_task.o(i.get_pitch_motor_point)
    get_remote_control_point                 0x08008259   Thumb Code     4  remote_control.o(i.get_remote_control_point)
    get_temprate                             0x08008261   Thumb Code    80  adc.o(i.get_temprate)
    get_yaw_motor_point                      0x080082bd   Thumb Code     4  gimbal_task.o(i.get_yaw_motor_point)
    gimbal_behaviour_mode_set                0x080082c5   Thumb Code   134  gimbal_behaviour.o(i.gimbal_behaviour_mode_set)
    gimbal_current_set                       0x080085f5   Thumb Code  3064  gimbal_task_new.o(i.gimbal_current_set)
    gimbal_init                              0x08009261   Thumb Code    20  gimbal_task_new.o(i.gimbal_init)
    gimbal_mode_change                       0x08009279   Thumb Code   130  gimbal_task_new.o(i.gimbal_mode_change)
    gimbal_mode_set                          0x08009315   Thumb Code   110  gimbal_task_new.o(i.gimbal_mode_set)
    gimbal_motor_init                        0x08009389   Thumb Code   120  gimbal_task_new.o(i.gimbal_motor_init)
    gimbal_motor_update                      0x0800943d   Thumb Code   158  gimbal_task_new.o(i.gimbal_motor_update)
    gyro_offset                              0x080094e9   Thumb Code    98  mpu6500driver.o(i.gyro_offset)
    ist8310_GPIO_init                        0x08009551   Thumb Code    84  ist8310driver_middleware.o(i.ist8310_GPIO_init)
    ist8310_IIC_read_single_reg              0x080095a9   Thumb Code    40  ist8310driver_middleware.o(i.ist8310_IIC_read_single_reg)
    ist8310_IIC_write_single_reg             0x080095d5   Thumb Code    32  ist8310driver_middleware.o(i.ist8310_IIC_write_single_reg)
    ist8310_RST_H                            0x080095f9   Thumb Code    12  ist8310driver_middleware.o(i.ist8310_RST_H)
    ist8310_RST_L                            0x08009609   Thumb Code    12  ist8310driver_middleware.o(i.ist8310_RST_L)
    ist8310_auto_com_by_mpu6500              0x08009619   Thumb Code    20  ist8310driver_middleware.o(i.ist8310_auto_com_by_mpu6500)
    ist8310_com_init                         0x08009631   Thumb Code     2  ist8310driver_middleware.o(i.ist8310_com_init)
    ist8310_delay_ms                         0x08009633   Thumb Code    12  ist8310driver_middleware.o(i.ist8310_delay_ms)
    ist8310_delay_us                         0x0800963f   Thumb Code    12  ist8310driver_middleware.o(i.ist8310_delay_us)
    ist8310_init                             0x0800964d   Thumb Code   140  ist8310driver.o(i.ist8310_init)
    ist8310_read_over                        0x080096dd   Thumb Code   126  ist8310driver.o(i.ist8310_read_over)
    judgeTask                                0x08009761   Thumb Code    18  judge.o(i.judgeTask)
    laser_configuration                      0x08009775   Thumb Code    54  laser.o(i.laser_configuration)
    laser_on                                 0x080097b1   Thumb Code    14  laser.o(i.laser_on)
    led_configuration                        0x080097c5   Thumb Code    94  led.o(i.led_configuration)
    led_green_off                            0x08009831   Thumb Code    14  led.o(i.led_green_off)
    led_green_toggle                         0x08009845   Thumb Code    14  led.o(i.led_green_toggle)
    led_red_off                              0x08009859   Thumb Code    14  led.o(i.led_red_off)
    led_red_toggle                           0x0800986d   Thumb Code    14  led.o(i.led_red_toggle)
    loop_fp32_constrain                      0x08009881   Thumb Code    96  user_lib.o(i.loop_fp32_constrain)
    main                                     0x080098e1   Thumb Code    22  main.o(i.main)
    mpu6500_GPIO_init                        0x0800992d   Thumb Code    48  mpu6500driver_middleware.o(i.mpu6500_GPIO_init)
    mpu6500_SPI_NS_H                         0x08009961   Thumb Code    12  mpu6500driver_middleware.o(i.mpu6500_SPI_NS_H)
    mpu6500_SPI_NS_L                         0x08009971   Thumb Code    12  mpu6500driver_middleware.o(i.mpu6500_SPI_NS_L)
    mpu6500_com_init                         0x080099d5   Thumb Code     8  mpu6500driver_middleware.o(i.mpu6500_com_init)
    mpu6500_init                             0x080099dd   Thumb Code   192  mpu6500driver.o(i.mpu6500_init)
    mpu6500_middleware_delay_ms              0x08009aa1   Thumb Code    12  mpu6500driver_middleware.o(i.mpu6500_middleware_delay_ms)
    mpu6500_middleware_delay_us              0x08009aad   Thumb Code    12  mpu6500driver_middleware.o(i.mpu6500_middleware_delay_us)
    mpu6500_read_over                        0x08009ab9   Thumb Code   304  mpu6500driver.o(i.mpu6500_read_over)
    mpu6500_read_single_reg                  0x08009bf9   Thumb Code    32  mpu6500driver_middleware.o(i.mpu6500_read_single_reg)
    mpu6500_write_muli_reg                   0x08009c19   Thumb Code    52  mpu6500driver_middleware.o(i.mpu6500_write_muli_reg)
    mpu6500_write_single_reg                 0x08009c4d   Thumb Code    28  mpu6500driver_middleware.o(i.mpu6500_write_single_reg)
    pcTaskGetName                            0x08009c69   Thumb Code    44  tasks.o(i.pcTaskGetName)
    power_ctrl_configuration                 0x08009c99   Thumb Code    66  power_ctrl.o(i.power_ctrl_configuration)
    power_ctrl_off                           0x08009ce1   Thumb Code    26  power_ctrl.o(i.power_ctrl_off)
    power_ctrl_on                            0x08009d01   Thumb Code    26  power_ctrl.o(i.power_ctrl_on)
    pvPortMalloc                             0x0800a805   Thumb Code   296  heap_4.o(i.pvPortMalloc)
    pvTaskIncrementMutexHeldCount            0x0800a941   Thumb Code    26  tasks.o(i.pvTaskIncrementMutexHeldCount)
    pxPortInitialiseStack                    0x0800a961   Thumb Code    38  port.o(i.pxPortInitialiseStack)
    ramp_init                                0x0800aa11   Thumb Code    40  user_lib.o(i.ramp_init)
    remote_control_init                      0x0800aa3d   Thumb Code    16  remote_control.o(i.remote_control_init)
    returnNewControlGimbal                   0x0800aa51   Thumb Code     4  gimbal_task.o(i.returnNewControlGimbal)
    sensor_Init                              0x0800aa59   Thumb Code    50  sensor.o(i.sensor_Init)
    set_cali_gimbal_hook                     0x0800aa91   Thumb Code    28  gimbal_task.o(i.set_cali_gimbal_hook)
    shoot_init                               0x0800aaf1   Thumb Code   156  shoot.o(i.shoot_init)
    slove_RC_lost                            0x0800abb9   Thumb Code    10  remote_control.o(i.slove_RC_lost)
    slove_data_error                         0x0800abc3   Thumb Code    10  remote_control.o(i.slove_data_error)
    sqrtf                                    0x0800abcd   Thumb Code    62  sqrtf_full.o(i.sqrtf)
    startTast                                0x0800ac0d   Thumb Code    28  start_task.o(i.startTast)
    start_task                               0x0800ac3d   Thumb Code   236  start_task.o(i.start_task)
    steeringGear                             0x0800ade5   Thumb Code   178  fric.o(i.steeringGear)
    steeringGearMax                          0x0800aea1   Thumb Code    20  fric.o(i.steeringGearMax)
    steeringGearMin                          0x0800aeb9   Thumb Code    20  fric.o(i.steeringGearMin)
    temperature_ADC_init                     0x0800aefd   Thumb Code    80  adc.o(i.temperature_ADC_init)
    timeTask                                 0x0800af51   Thumb Code    90  start_task.o(i.timeTask)
    toe_is_error                             0x0800afb1   Thumb Code    20  detect_task.o(i.toe_is_error)
    uartTask                                 0x0800afc9   Thumb Code   518  uarttask.o(i.uartTask)
    ulTaskNotifyTake                         0x0800b231   Thumb Code   108  tasks.o(i.ulTaskNotifyTake)
    uxListRemove                             0x0800b31f   Thumb Code    40  list.o(i.uxListRemove)
    uxTaskGetStackHighWaterMark              0x0800b349   Thumb Code    34  tasks.o(i.uxTaskGetStackHighWaterMark)
    vListInitialise                          0x0800b371   Thumb Code    26  list.o(i.vListInitialise)
    vListInitialiseItem                      0x0800b38b   Thumb Code     6  list.o(i.vListInitialiseItem)
    vListInsert                              0x0800b391   Thumb Code    52  list.o(i.vListInsert)
    vListInsertEnd                           0x0800b3c5   Thumb Code    24  list.o(i.vListInsertEnd)
    vPortEnterCritical                       0x0800b3dd   Thumb Code    76  port.o(i.vPortEnterCritical)
    vPortExitCritical                        0x0800b431   Thumb Code    56  port.o(i.vPortExitCritical)
    vPortFree                                0x0800b46d   Thumb Code   140  heap_4.o(i.vPortFree)
    vPortSetupTimerInterrupt                 0x0800b501   Thumb Code     2  freertos_middleware.o(i.vPortSetupTimerInterrupt)
    vPortValidateInterruptPriority           0x0800b505   Thumb Code   106  port.o(i.vPortValidateInterruptPriority)
    vQueueAddToRegistry                      0x0800b57d   Thumb Code    38  queue.o(i.vQueueAddToRegistry)
    vQueueWaitForMessageRestricted           0x0800b5a9   Thumb Code    74  queue.o(i.vQueueWaitForMessageRestricted)
    vTaskDelay                               0x0800b5f5   Thumb Code    82  tasks.o(i.vTaskDelay)
    vTaskDelete                              0x0800b651   Thumb Code   202  tasks.o(i.vTaskDelete)
    vTaskMissedYield                         0x0800b745   Thumb Code     8  tasks.o(i.vTaskMissedYield)
    vTaskNotifyGiveFromISR                   0x0800b751   Thumb Code   216  tasks.o(i.vTaskNotifyGiveFromISR)
    vTaskPlaceOnEventList                    0x0800b841   Thumb Code    52  tasks.o(i.vTaskPlaceOnEventList)
    vTaskPlaceOnEventListRestricted          0x0800b879   Thumb Code    60  tasks.o(i.vTaskPlaceOnEventListRestricted)
    vTaskPriorityInherit                     0x0800b8b9   Thumb Code   164  tasks.o(i.vTaskPriorityInherit)
    vTaskSetTimeOutState                     0x0800b969   Thumb Code    38  tasks.o(i.vTaskSetTimeOutState)
    vTaskStartScheduler                      0x0800b999   Thumb Code   118  tasks.o(i.vTaskStartScheduler)
    vTaskSuspendAll                          0x0800ba2d   Thumb Code    12  tasks.o(i.vTaskSuspendAll)
    vTaskSwitchContext                       0x0800ba3d   Thumb Code   118  tasks.o(i.vTaskSwitchContext)
    xPortStartScheduler                      0x0800bac9   Thumb Code   288  port.o(i.xPortStartScheduler)
    xPortSysTickHandler                      0x0800bc05   Thumb Code    46  port.o(i.xPortSysTickHandler)
    xQueueGenericCreate                      0x0800bc39   Thumb Code    88  queue.o(i.xQueueGenericCreate)
    xQueueGenericReceive                     0x0800bc91   Thumb Code   446  queue.o(i.xQueueGenericReceive)
    xQueueGenericReset                       0x0800be55   Thumb Code   146  queue.o(i.xQueueGenericReset)
    xQueueGenericSend                        0x0800beed   Thumb Code   452  queue.o(i.xQueueGenericSend)
    xQueueGenericSendFromISR                 0x0800c0b5   Thumb Code   264  queue.o(i.xQueueGenericSendFromISR)
    xTaskCheckForTimeOut                     0x0800c1bd   Thumb Code   132  tasks.o(i.xTaskCheckForTimeOut)
    xTaskCreate                              0x0800c249   Thumb Code    96  tasks.o(i.xTaskCreate)
    xTaskGetHandle                           0x0800c2a9   Thumb Code   142  tasks.o(i.xTaskGetHandle)
    xTaskGetSchedulerState                   0x0800c34d   Thumb Code    24  tasks.o(i.xTaskGetSchedulerState)
    xTaskGetTickCount                        0x0800c36d   Thumb Code     6  tasks.o(i.xTaskGetTickCount)
    xTaskIncrementTick                       0x0800c379   Thumb Code   282  tasks.o(i.xTaskIncrementTick)
    xTaskPriorityDisinherit                  0x0800c4c1   Thumb Code   188  tasks.o(i.xTaskPriorityDisinherit)
    xTaskRemoveFromEventList                 0x0800c589   Thumb Code   128  tasks.o(i.xTaskRemoveFromEventList)
    xTaskResumeAll                           0x0800c621   Thumb Code   224  tasks.o(i.xTaskResumeAll)
    xTimerCreateTimerTask                    0x0800c725   Thumb Code    64  timers.o(i.xTimerCreateTimerTask)
    xTimerGenericCommand                     0x0800c779   Thumb Code   126  timers.o(i.xTimerGenericCommand)
    CRC8_INIT                                0x0800c900   Data           1  uarttask.o(.constdata)
    CRC8_TAB                                 0x0800c901   Data         256  uarttask.o(.constdata)
    wCRC_Table                               0x0800ca02   Data         512  uarttask.o(.constdata)
    sinTable_f32                             0x0800cc64   Data        2052  arm_common_tables.o(.constdata)
    Region$$Table$$Base                      0x0800d468   Number         0  anon$$obj.o(Region$$Table)
    Region$$Table$$Limit                     0x0800d488   Number         0  anon$$obj.o(Region$$Table)
    SystemCoreClock                          0x20000000   Data           4  system_stm32f4xx.o(.data)
    AHBPrescTable                            0x20000004   Data          16  system_stm32f4xx.o(.data)
    pxCurrentTCB                             0x20000024   Data           4  tasks.o(.data)
    rx_len2                                  0x200000a4   Data           2  usart2.o(.data)
    BufferLen2                               0x200000a6   Data           2  usart2.o(.data)
    rx_flag2                                 0x200000a8   Data           1  usart2.o(.data)
    rx_len                                   0x200000aa   Data           2  usart6_dma.o(.data)
    SendBuffer                               0x200000ac   Data          30  usart6_dma.o(.data)
    BufferLen                                0x200000ca   Data           2  usart6_dma.o(.data)
    rx_flag                                  0x200000cc   Data           1  usart6_dma.o(.data)
    calibrate_task_stack                     0x200000d0   Data           4  calibrate_task.o(.data)
    cali_hook_fun                            0x200000fc   Data          20  calibrate_task.o(.data)
    chassis_high_water                       0x2000016c   Data           4  chassis_task.o(.data)
    DetectTaskStack                          0x20000170   Data           4  detect_task.o(.data)
    FreeRTOSRunTimeTicks                     0x20000180   Data           8  freertos_middleware.o(.data)
    test                                     0x20000189   Data           1  gimbal_behaviour.o(.data)
    gimbal_high_water                        0x200001ac   Data           4  gimbal_task.o(.data)
    INSTaskStack                             0x200001c4   Data           4  ins_task.o(.data)
    GIMBALTask_Handler                       0x20000264   Data           4  start_task.o(.data)
    ChassisTask_Handler                      0x20000268   Data           4  start_task.o(.data)
    UserTaskStack                            0x2000028c   Data           4  user_task.o(.data)
    CRC_INIT                                 0x20000290   Data           2  uarttask.o(.data)
    u162u8                                   0x200002b4   Data           2  uarttask.o(.data)
    u162float                                0x200002b8   Data           4  uarttask.o(.data)
    mouseControlYawS                         0x200002c0   Data           4  gimbal_task_new.o(.data)
    gimbal_control_new                       0x200002c4   Data           4  gimbal_task_new.o(.data)
    shoot_can                                0x20000310   Data           4  shoot_task_new.o(.data)
    point                                    0x20000318   Data           1  judge.o(.data)
    xQueueRegistry                           0x20000330   Data          64  queue.o(.bss)
    SendBuffer2                              0x2002067c   Data          40  usart2.o(.bss)
    ReceiveBuffer2                           0x200206a4   Data          30  usart2.o(.bss)
    ReceiveBuffer                            0x200206c2   Data          30  usart6_dma.o(.bss)
    pidForChassis                            0x20020a80   Data          72  chassis_task.o(.bss)
    new_gimbal_control                       0x20020df4   Data          48  gimbal_task.o(.bss)
    angle_degree                             0x2002105c   Data          12  user_task.o(.bss)
    TX2messege                               0x2002107d   Data          24  uarttask.o(.bss)
    judgeBuffer                              0x2002129c   Data          30  judge.o(.bss)
    __initial_sp                             0x200216c0   Data           0  startup_stm32f427xx.o(STACK)



==============================================================================

Memory Map of the image

  Image Entry point : 0x080001ad

  Load Region LR_IROM1 (Base: 0x08000000, Size: 0x0000d7b8, Max: 0x00200000, ABSOLUTE, COMPRESSED[0x0000d504])

    Execution Region ER_IROM1 (Base: 0x08000000, Size: 0x0000d488, Max: 0x00200000, ABSOLUTE)

    Base Addr    Size         Type   Attr      Idx    E Section Name        Object

    0x08000000   0x000001ac   Data   RO            3    RESET               startup_stm32f427xx.o
    0x080001ac   0x00000000   Code   RO         9591  * .ARM.Collect$$$$00000000  mc_w.l(entry.o)
    0x080001ac   0x00000004   Code   RO         9914    .ARM.Collect$$$$00000001  mc_w.l(entry2.o)
    0x080001b0   0x00000004   Code   RO         9917    .ARM.Collect$$$$00000004  mc_w.l(entry5.o)
    0x080001b4   0x00000000   Code   RO         9919    .ARM.Collect$$$$00000008  mc_w.l(entry7b.o)
    0x080001b4   0x00000000   Code   RO         9921    .ARM.Collect$$$$0000000A  mc_w.l(entry8b.o)
    0x080001b4   0x00000008   Code   RO         9922    .ARM.Collect$$$$0000000B  mc_w.l(entry9a.o)
    0x080001bc   0x00000000   Code   RO         9924    .ARM.Collect$$$$0000000D  mc_w.l(entry10a.o)
    0x080001bc   0x00000000   Code   RO         9926    .ARM.Collect$$$$0000000F  mc_w.l(entry11a.o)
    0x080001bc   0x00000004   Code   RO         9915    .ARM.Collect$$$$00002712  mc_w.l(entry2.o)
    0x080001c0   0x000000b6   Code   RO         6325    .emb_text           port.o
    0x08000276   0x00000002   PAD
    0x08000278   0x00000034   Code   RO            4    .text               startup_stm32f427xx.o
    0x080002ac   0x00000078   Code   RO         9381    .text               arm_cortexM4lf_math.lib(arm_cos_f32.o)
    0x08000324   0x00000074   Code   RO         9434    .text               arm_cortexM4lf_math.lib(arm_sin_f32.o)
    0x08000398   0x00000024   Code   RO         9594    .text               mc_w.l(memcpya.o)
    0x080003bc   0x00000024   Code   RO         9596    .text               mc_w.l(memseta.o)
    0x080003e0   0x0000000e   Code   RO         9598    .text               mc_w.l(strlen.o)
    0x080003ee   0x0000014e   Code   RO         9865    .text               mf_w.l(dadd.o)
    0x0800053c   0x000000e4   Code   RO         9867    .text               mf_w.l(dmul.o)
    0x08000620   0x000000de   Code   RO         9869    .text               mf_w.l(ddiv.o)
    0x080006fe   0x00000022   Code   RO         9871    .text               mf_w.l(dflti.o)
    0x08000720   0x00000032   Code   RO         9873    .text               mf_w.l(dfixui.o)
    0x08000752   0x00000026   Code   RO         9875    .text               mf_w.l(f2d.o)
    0x08000778   0x00000030   Code   RO         9877    .text               mf_w.l(cdcmple.o)
    0x080007a8   0x00000030   Code   RO         9879    .text               mf_w.l(cdrcmple.o)
    0x080007d8   0x00000038   Code   RO         9881    .text               mf_w.l(d2f.o)
    0x08000810   0x0000001e   Code   RO         9935    .text               mc_w.l(llshl.o)
    0x0800082e   0x00000020   Code   RO         9937    .text               mc_w.l(llushr.o)
    0x0800084e   0x00000024   Code   RO         9939    .text               mc_w.l(llsshr.o)
    0x08000872   0x00000000   Code   RO         9948    .text               mc_w.l(iusefp.o)
    0x08000872   0x0000006e   Code   RO         9949    .text               mf_w.l(fepilogue.o)
    0x080008e0   0x000000ba   Code   RO         9951    .text               mf_w.l(depilogue.o)
    0x0800099a   0x00000002   PAD
    0x0800099c   0x00000024   Code   RO         9955    .text               mc_w.l(init.o)
    0x080009c0   0x00000056   Code   RO         9967    .text               mc_w.l(__dczerorl2.o)
    0x08000a16   0x00000006   Code   RO          353    i.ADC_ClearFlag     stm32f4xx_adc.o
    0x08000a1c   0x00000016   Code   RO          355    i.ADC_Cmd           stm32f4xx_adc.o
    0x08000a32   0x00000002   PAD
    0x08000a34   0x00000030   Code   RO          356    i.ADC_CommonInit    stm32f4xx_adc.o
    0x08000a64   0x00000008   Code   RO          367    i.ADC_GetConversionValue  stm32f4xx_adc.o
    0x08000a6c   0x00000012   Code   RO          368    i.ADC_GetFlagStatus  stm32f4xx_adc.o
    0x08000a7e   0x00000002   PAD
    0x08000a80   0x00000054   Code   RO          375    i.ADC_Init          stm32f4xx_adc.o
    0x08000ad4   0x000000b8   Code   RO          380    i.ADC_RegularChannelConfig  stm32f4xx_adc.o
    0x08000b8c   0x0000000a   Code   RO          382    i.ADC_SoftwareStartConv  stm32f4xx_adc.o
    0x08000b96   0x00000002   PAD
    0x08000b98   0x0000002c   Code   RO          385    i.ADC_TempSensorVrefintCmd  stm32f4xx_adc.o
    0x08000bc4   0x00000018   Code   RO         6400    i.AHRS_asinf        ahrs_middleware.o
    0x08000bdc   0x00000020   Code   RO         6401    i.AHRS_atan2f       ahrs_middleware.o
    0x08000bfc   0x00000018   Code   RO         6402    i.AHRS_cosf         ahrs_middleware.o
    0x08000c14   0x0000001a   Code   RO         9291    i.AHRS_fabs         AHRS.lib(ahrs.o)
    0x08000c2e   0x00000002   PAD
    0x08000c30   0x00000010   Code   RO         6403    i.AHRS_get_height   ahrs_middleware.o
    0x08000c40   0x00000010   Code   RO         6404    i.AHRS_get_latitude  ahrs_middleware.o
    0x08000c50   0x0000029c   Code   RO         9292    i.AHRS_init         AHRS.lib(ahrs.o)
    0x08000eec   0x0000003c   Code   RO         6405    i.AHRS_invSqrt      ahrs_middleware.o
    0x08000f28   0x00000018   Code   RO         6406    i.AHRS_sinf         ahrs_middleware.o
    0x08000f40   0x0000013a   Code   RO         9293    i.AHRS_update       AHRS.lib(ahrs.o)
    0x0800107a   0x000000aa   Code   RO         6870    i.BSP_init          main.o
    0x08001124   0x00000004   Code   RO           13    i.BusFault_Handler  stm32f4xx_it.o
    0x08001128   0x00000030   Code   RO         8078    i.CAN1_RX0_IRQHandler  can_receive.o
    0x08001158   0x000000c0   Code   RO         8079    i.CAN1_hook         can_receive.o
    0x08001218   0x00000110   Code   RO         7148    i.CAN1_mode_init    can.o
    0x08001328   0x00000030   Code   RO         8080    i.CAN2_RX0_IRQHandler  can_receive.o
    0x08001358   0x000001f4   Code   RO         8081    i.CAN2_hook         can_receive.o
    0x0800154c   0x00000114   Code   RO         7149    i.CAN2_mode_init    can.o
    0x08001660   0x00000064   Code   RO         8082    i.CAN_CMD_CHASSIS   can_receive.o
    0x080016c4   0x0000004c   Code   RO         8085    i.CAN_CMD_GIMBAL    can_receive.o
    0x08001710   0x000000a8   Code   RO          597    i.CAN_ClearITPendingBit  stm32f4xx_can.o
    0x080017b8   0x00000108   Code   RO          601    i.CAN_FilterInit    stm32f4xx_can.o
    0x080018c0   0x00000120   Code   RO          603    i.CAN_GetITStatus   stm32f4xx_can.o
    0x080019e0   0x00000012   Code   RO          607    i.CAN_ITConfig      stm32f4xx_can.o
    0x080019f2   0x00000114   Code   RO          608    i.CAN_Init          stm32f4xx_can.o
    0x08001b06   0x000000f0   Code   RO          611    i.CAN_Receive       stm32f4xx_can.o
    0x08001bf6   0x00000126   Code   RO          616    i.CAN_Transmit      stm32f4xx_can.o
    0x08001d1c   0x00000012   Code   RO          619    i.CheckITStatus     stm32f4xx_can.o
    0x08001d2e   0x00000002   PAD
    0x08001d30   0x00000034   Code   RO         7851    i.DMA1_Stream6_IRQHandler  usart2.o
    0x08001d64   0x00000058   Code   RO         8700    i.DMA2_Stream5_IRQHandler  ins_task.o
    0x08001dbc   0x00000034   Code   RO         7937    i.DMA2_Stream7_IRQHandler  usart6_dma.o
    0x08001df0   0x00000034   Code   RO         1374    i.DMA_ClearFlag     stm32f4xx_dma.o
    0x08001e24   0x00000034   Code   RO         1375    i.DMA_ClearITPendingBit  stm32f4xx_dma.o
    0x08001e58   0x00000016   Code   RO         1376    i.DMA_Cmd           stm32f4xx_dma.o
    0x08001e6e   0x00000002   PAD
    0x08001e70   0x00000158   Code   RO         1377    i.DMA_DeInit        stm32f4xx_dma.o
    0x08001fc8   0x00000016   Code   RO         1378    i.DMA_DoubleBufferModeCmd  stm32f4xx_dma.o
    0x08001fde   0x00000018   Code   RO         1379    i.DMA_DoubleBufferModeConfig  stm32f4xx_dma.o
    0x08001ff6   0x00000014   Code   RO         1381    i.DMA_GetCmdStatus  stm32f4xx_dma.o
    0x0800200a   0x00000008   Code   RO         1382    i.DMA_GetCurrDataCounter  stm32f4xx_dma.o
    0x08002012   0x00000014   Code   RO         1383    i.DMA_GetCurrentMemoryTarget  stm32f4xx_dma.o
    0x08002026   0x00000002   PAD
    0x08002028   0x00000044   Code   RO         1385    i.DMA_GetFlagStatus  stm32f4xx_dma.o
    0x0800206c   0x0000003a   Code   RO         1387    i.DMA_ITConfig      stm32f4xx_dma.o
    0x080020a6   0x00000002   PAD
    0x080020a8   0x00000058   Code   RO         1388    i.DMA_Init          stm32f4xx_dma.o
    0x08002100   0x00000004   Code   RO         1391    i.DMA_SetCurrDataCounter  stm32f4xx_dma.o
    0x08002104   0x00000002   Code   RO           14    i.DebugMon_Handler  stm32f4xx_it.o
    0x08002106   0x00000002   PAD
    0x08002108   0x000000cc   Code   RO         8360    i.DetectDisplay     detect_task.o
    0x080021d4   0x00000124   Code   RO         8361    i.DetectHook        detect_task.o
    0x080022f8   0x00000184   Code   RO         8362    i.DetectInit        detect_task.o
    0x0800247c   0x00000294   Code   RO         8363    i.DetectTask        detect_task.o
    0x08002710   0x00000020   Code   RO         8701    i.EXTI9_5_IRQHandler  ins_task.o
    0x08002730   0x0000000c   Code   RO         1660    i.EXTI_ClearITPendingBit  stm32f4xx_exti.o
    0x0800273c   0x00000018   Code   RO         1664    i.EXTI_GetITStatus  stm32f4xx_exti.o
    0x08002754   0x00000094   Code   RO         1665    i.EXTI_Init         stm32f4xx_exti.o
    0x080027e8   0x0000000c   Code   RO         1725    i.FLASH_ClearFlag   stm32f4xx_flash.o
    0x080027f4   0x00000088   Code   RO         1731    i.FLASH_EraseSector  stm32f4xx_flash.o
    0x0800287c   0x00000054   Code   RO         1733    i.FLASH_GetStatus   stm32f4xx_flash.o
    0x080028d0   0x00000014   Code   RO         1737    i.FLASH_Lock        stm32f4xx_flash.o
    0x080028e4   0x00000050   Code   RO         1761    i.FLASH_ProgramWord  stm32f4xx_flash.o
    0x08002934   0x00000024   Code   RO         1763    i.FLASH_Unlock      stm32f4xx_flash.o
    0x08002958   0x00000022   Code   RO         1764    i.FLASH_WaitForLastOperation  stm32f4xx_flash.o
    0x0800297a   0x00000084   Code   RO         8562    i.GIMBAL_Feedback_Update  gimbal_task.o
    0x080029fe   0x00000002   PAD
    0x08002a00   0x00000150   Code   RO         8563    i.GIMBAL_Init       gimbal_task.o
    0x08002b50   0x00000030   Code   RO         8566    i.GIMBAL_PID_Init   gimbal_task.o
    0x08002b80   0x00000012   Code   RO         8568    i.GIMBAL_Set_Mode   gimbal_task.o
    0x08002b92   0x00000002   PAD
    0x08002b94   0x000000fc   Code   RO         8571    i.GIMBAL_task       gimbal_task.o
    0x08002c90   0x00000088   Code   RO         7222    i.GPIOB_Exti8_GPIO_Init  exit_init.o
    0x08002d18   0x00000090   Code   RO         2221    i.GPIO_Init         stm32f4xx_gpio.o
    0x08002da8   0x00000046   Code   RO         2222    i.GPIO_PinAFConfig  stm32f4xx_gpio.o
    0x08002dee   0x00000012   Code   RO         2225    i.GPIO_ReadInputDataBit  stm32f4xx_gpio.o
    0x08002e00   0x00000004   Code   RO         2228    i.GPIO_ResetBits    stm32f4xx_gpio.o
    0x08002e04   0x00000004   Code   RO         2229    i.GPIO_SetBits      stm32f4xx_gpio.o
    0x08002e08   0x00000008   Code   RO         2231    i.GPIO_ToggleBits   stm32f4xx_gpio.o
    0x08002e10   0x000001d0   Code   RO         7250    i.GetSector         flash.o
    0x08002fe0   0x000001d4   Code   RO         7251    i.Get_Next_Flash_Address  flash.o
    0x080031b4   0x00000030   Code   RO         8572    i.Gimbal_PID_clear  gimbal_task.o
    0x080031e4   0x00000004   Code   RO           15    i.HardFault_Handler  stm32f4xx_it.o
    0x080031e8   0x0000012c   Code   RO         8702    i.IMU_Cali_Slove    ins_task.o
    0x08003314   0x000000c0   Code   RO         8703    i.IMU_temp_Control  ins_task.o
    0x080033d4   0x00000320   Code   RO         8704    i.INSTask           ins_task.o
    0x080036f4   0x00000074   Code   RO         8705    i.INS_cali_gyro     ins_task.o
    0x08003768   0x00000020   Code   RO         8706    i.INS_set_cali_gyro  ins_task.o
    0x08003788   0x00000076   Code   RO         7939    i.Init_Dma_Rx_Config  usart6_dma.o
    0x080037fe   0x00000076   Code   RO         7853    i.Init_Dma_Rx_Config2  usart2.o
    0x08003874   0x000000a6   Code   RO         7940    i.Init_Dma_Tx_Config  usart6_dma.o
    0x0800391a   0x000000a8   Code   RO         7854    i.Init_Dma_Tx_Config2  usart2.o
    0x080039c2   0x00000002   PAD
    0x080039c4   0x000000b8   Code   RO         7855    i.Init_Usart2       usart2.o
    0x08003a7c   0x000000b8   Code   RO         7941    i.Init_Usart6       usart6_dma.o
    0x08003b34   0x00000004   Code   RO           16    i.MemManage_Handler  stm32f4xx_it.o
    0x08003b38   0x00000002   Code   RO           17    i.NMI_Handler       stm32f4xx_it.o
    0x08003b3a   0x00000002   PAD
    0x08003b3c   0x00000078   Code   RO          301    i.NVIC_Init         misc.o
    0x08003bb4   0x00000014   Code   RO          302    i.NVIC_PriorityGroupConfig  misc.o
    0x08003bc8   0x000001f0   Code   RO         8802    i.PID_Calc          pid.o
    0x08003db8   0x00000060   Code   RO         8803    i.PID_Init          pid.o
    0x08003e18   0x0000004c   Code   RO         8804    i.PID_clear         pid.o
    0x08003e64   0x00000020   Code   RO         3159    i.RCC_AHB1PeriphClockCmd  stm32f4xx_rcc.o
    0x08003e84   0x00000020   Code   RO         3168    i.RCC_APB1PeriphClockCmd  stm32f4xx_rcc.o
    0x08003ea4   0x00000020   Code   RO         3170    i.RCC_APB1PeriphResetCmd  stm32f4xx_rcc.o
    0x08003ec4   0x00000020   Code   RO         3171    i.RCC_APB2PeriphClockCmd  stm32f4xx_rcc.o
    0x08003ee4   0x00000020   Code   RO         3173    i.RCC_APB2PeriphResetCmd  stm32f4xx_rcc.o
    0x08003f04   0x000000e8   Code   RO         3180    i.RCC_GetClocksFreq  stm32f4xx_rcc.o
    0x08003fec   0x0000014c   Code   RO         7556    i.RC_Init           rc.o
    0x08004138   0x00000010   Code   RO         8832    i.RC_abs            remote_control.o
    0x08004148   0x000002d8   Code   RO         7998    i.RC_cmd_to_calibrate  calibrate_task.o
    0x08004420   0x00000098   Code   RO         8833    i.RC_data_is_error  remote_control.o
    0x080044b8   0x00000054   Code   RO         7557    i.RC_restart        rc.o
    0x0800450c   0x00000010   Code   RO         7558    i.RC_unable         rc.o
    0x0800451c   0x000000da   Code   RO         8834    i.SBUS_TO_RC        remote_control.o
    0x080045f6   0x00000002   PAD
    0x080045f8   0x000001bc   Code   RO         9215    i.SHOOT_task        shoot_task_new.o
    0x080047b4   0x000000c0   Code   RO         7635    i.SPI5Init          spi.o
    0x08004874   0x00000030   Code   RO         7636    i.SPI5SetSpeedAndDataSize  spi.o
    0x080048a4   0x00000074   Code   RO         7637    i.SPI5_DMA_Enable   spi.o
    0x08004918   0x000000f8   Code   RO         7638    i.SPI5_DMA_Init     spi.o
    0x08004a10   0x00000018   Code   RO         4320    i.SPI_Cmd           stm32f4xx_spi.o
    0x08004a28   0x00000012   Code   RO         4326    i.SPI_I2S_DMACmd    stm32f4xx_spi.o
    0x08004a3a   0x00000012   Code   RO         4328    i.SPI_I2S_GetFlagStatus  stm32f4xx_spi.o
    0x08004a4c   0x00000006   Code   RO         4331    i.SPI_I2S_ReceiveData  stm32f4xx_spi.o
    0x08004a52   0x00000004   Code   RO         4332    i.SPI_I2S_SendData  stm32f4xx_spi.o
    0x08004a56   0x0000003c   Code   RO         4333    i.SPI_Init          stm32f4xx_spi.o
    0x08004a92   0x00000002   PAD
    0x08004a94   0x00000040   Code   RO         4485    i.SYSCFG_EXTILineConfig  stm32f4xx_syscfg.o
    0x08004ad4   0x00000120   Code   RO          184    i.SetSysClock       system_stm32f4xx.o
    0x08004bf4   0x000001f4   Code   RO         8905    i.Shoot_Feedback_Update  shoot.o
    0x08004de8   0x00000028   Code   RO          305    i.SysTick_CLKSourceConfig  misc.o
    0x08004e10   0x00000010   Code   RO         8421    i.SysTick_Handler   freertos_middleware.o
    0x08004e20   0x00000068   Code   RO          186    i.SystemInit        system_stm32f4xx.o
    0x08004e88   0x00000030   Code   RO         8422    i.TIM3_IRQHandler   freertos_middleware.o
    0x08004eb8   0x000000dc   Code   RO         7718    i.TIM3_Init         timer.o
    0x08004f94   0x000000a4   Code   RO         7318    i.TIM4_PWM_Init     fric.o
    0x08005038   0x00000024   Code   RO         8087    i.TIM6_DAC_IRQHandler  can_receive.o
    0x0800505c   0x00000078   Code   RO         7719    i.TIM6_Init         timer.o
    0x080050d4   0x00000018   Code   RO         4546    i.TIM_ARRPreloadConfig  stm32f4xx_tim.o
    0x080050ec   0x00000006   Code   RO         4552    i.TIM_ClearFlag     stm32f4xx_tim.o
    0x080050f2   0x00000018   Code   RO         4558    i.TIM_Cmd           stm32f4xx_tim.o
    0x0800510a   0x0000001e   Code   RO         4560    i.TIM_CtrlPWMOutputs  stm32f4xx_tim.o
    0x08005128   0x00000190   Code   RO         4563    i.TIM_DeInit        stm32f4xx_tim.o
    0x080052b8   0x00000022   Code   RO         4579    i.TIM_GetITStatus   stm32f4xx_tim.o
    0x080052da   0x00000012   Code   RO         4583    i.TIM_ITConfig      stm32f4xx_tim.o
    0x080052ec   0x0000007c   Code   RO         4587    i.TIM_OC1Init       stm32f4xx_tim.o
    0x08005368   0x00000012   Code   RO         4590    i.TIM_OC1PreloadConfig  stm32f4xx_tim.o
    0x0800537a   0x00000002   PAD
    0x0800537c   0x000000a4   Code   RO         4592    i.TIM_OC2Init       stm32f4xx_tim.o
    0x08005420   0x0000001a   Code   RO         4595    i.TIM_OC2PreloadConfig  stm32f4xx_tim.o
    0x0800543a   0x00000004   Code   RO         4620    i.TIM_SetCompare1   stm32f4xx_tim.o
    0x0800543e   0x00000004   Code   RO         4621    i.TIM_SetCompare2   stm32f4xx_tim.o
    0x08005442   0x00000002   PAD
    0x08005444   0x00000084   Code   RO         4630    i.TIM_TimeBaseInit  stm32f4xx_tim.o
    0x080054c8   0x0000002c   Code   RO         9251    i.UART8_IRQHandler  judge.o
    0x080054f4   0x000000f0   Code   RO         8835    i.USART1_IRQHandler  remote_control.o
    0x080055e4   0x000000a4   Code   RO         7856    i.USART2_IRQHandler  usart2.o
    0x08005688   0x000000b0   Code   RO         7942    i.USART6_IRQHandler  usart6_dma.o
    0x08005738   0x00000012   Code   RO         5108    i.USART_ClearFlag   stm32f4xx_usart.o
    0x0800574a   0x00000018   Code   RO         5112    i.USART_Cmd         stm32f4xx_usart.o
    0x08005762   0x00000012   Code   RO         5113    i.USART_DMACmd      stm32f4xx_usart.o
    0x08005774   0x000000f0   Code   RO         5114    i.USART_DeInit      stm32f4xx_usart.o
    0x08005864   0x00000054   Code   RO         5116    i.USART_GetITStatus  stm32f4xx_usart.o
    0x080058b8   0x0000004a   Code   RO         5118    i.USART_ITConfig    stm32f4xx_usart.o
    0x08005902   0x00000002   PAD
    0x08005904   0x000000d4   Code   RO         5119    i.USART_Init        stm32f4xx_usart.o
    0x080059d8   0x0000000a   Code   RO         5126    i.USART_ReceiveData  stm32f4xx_usart.o
    0x080059e2   0x00000002   PAD
    0x080059e4   0x000000ac   Code   RO         9252    i.Uart8_Init        judge.o
    0x08005a90   0x00000004   Code   RO           18    i.UsageFault_Handler  stm32f4xx_it.o
    0x08005a94   0x0000006c   Code   RO         9022    i.UserTask          user_task.o
    0x08005b00   0x00000026   Code   RO         9883    i.__ARM_fpclassifyf  m_wm.l(fpclassifyf.o)
    0x08005b26   0x00000002   PAD
    0x08005b28   0x0000012c   Code   RO         9549    i.__hardfp_asinf    m_wm.l(asinf.o)
    0x08005c54   0x00000250   Code   RO         9561    i.__hardfp_atan2f   m_wm.l(atan2f.o)
    0x08005ea4   0x00000014   Code   RO         9573    i.__hardfp_fabs     m_wm.l(fabs.o)
    0x08005eb8   0x00000006   Code   RO         9886    i.__mathlib_flt_infnan  m_wm.l(funder.o)
    0x08005ebe   0x00000006   Code   RO         9887    i.__mathlib_flt_infnan2  m_wm.l(funder.o)
    0x08005ec4   0x00000010   Code   RO         9888    i.__mathlib_flt_invalid  m_wm.l(funder.o)
    0x08005ed4   0x00000010   Code   RO         9891    i.__mathlib_flt_underflow  m_wm.l(funder.o)
    0x08005ee4   0x0000000e   Code   RO         9961    i.__scatterload_copy  mc_w.l(handlers.o)
    0x08005ef2   0x00000002   Code   RO         9962    i.__scatterload_null  mc_w.l(handlers.o)
    0x08005ef4   0x0000000e   Code   RO         9963    i.__scatterload_zeroinit  mc_w.l(handlers.o)
    0x08005f02   0x00000002   PAD
    0x08005f04   0x0000000c   Code   RO         9943    i.__set_errno       mc_w.l(errno.o)
    0x08005f10   0x000001d0   Code   RO         9294    i.accel_comple_filter  AHRS.lib(ahrs.o)
    0x080060e0   0x0000018c   Code   RO         9295    i.accel_update_kp_ki  AHRS.lib(ahrs.o)
    0x0800626c   0x0000016c   Code   RO         9296    i.angle_to_quat     AHRS.lib(ahrs.o)
    0x080063d8   0x000000b8   Code   RO         7109    i.buzzer_init       buzzer.o
    0x08006490   0x00000010   Code   RO         7110    i.buzzer_off        buzzer.o
    0x080064a0   0x0000001c   Code   RO         7111    i.buzzer_on         buzzer.o
    0x080064bc   0x00000180   Code   RO         8573    i.calc_gimbal_cali  gimbal_task.o
    0x0800663c   0x000000ec   Code   RO         7999    i.cali_data_read    calibrate_task.o
    0x08006728   0x00000084   Code   RO         8000    i.cali_data_write   calibrate_task.o
    0x080067ac   0x0000006c   Code   RO         8001    i.cali_gimbal_hook  calibrate_task.o
    0x08006818   0x0000005c   Code   RO         8002    i.cali_gyro_hook    calibrate_task.o
    0x08006874   0x00000054   Code   RO         8003    i.cali_head_hook    calibrate_task.o
    0x080068c8   0x000000b8   Code   RO         8004    i.cali_param_init   calibrate_task.o
    0x08006980   0x00000148   Code   RO         8005    i.calibrate_task    calibrate_task.o
    0x08006ac8   0x000000a0   Code   RO         8205    i.chassis_behaviour_control_set  chassis_behaviour.o
    0x08006b68   0x00000088   Code   RO         8206    i.chassis_behaviour_mode_set  chassis_behaviour.o
    0x08006bf0   0x000001c4   Code   RO         8287    i.chassis_control_loop  chassis_task.o
    0x08006db4   0x00000060   Code   RO         8207    i.chassis_engineer_follow_chassis_yaw_control  chassis_behaviour.o
    0x08006e14   0x00000164   Code   RO         8288    i.chassis_feedback_update  chassis_task.o
    0x08006f78   0x000000fc   Code   RO         8208    i.chassis_infantry_follow_gimbal_yaw_control  chassis_behaviour.o
    0x08007074   0x000000f0   Code   RO         8289    i.chassis_init      chassis_task.o
    0x08007164   0x00000058   Code   RO         8290    i.chassis_mode_change_control_transit  chassis_task.o
    0x080071bc   0x000004b4   Code   RO         8209    i.chassis_no_follow_yaw_control  chassis_behaviour.o
    0x08007670   0x0000002c   Code   RO         8210    i.chassis_no_move_control  chassis_behaviour.o
    0x0800769c   0x0000005c   Code   RO         8211    i.chassis_open_set_control  chassis_behaviour.o
    0x080076f8   0x00000244   Code   RO         8291    i.chassis_rc_to_control_vector  chassis_task.o
    0x0800793c   0x000002c0   Code   RO         8292    i.chassis_set_contorl  chassis_task.o
    0x08007bfc   0x00000012   Code   RO         8293    i.chassis_set_mode  chassis_task.o
    0x08007c0e   0x00000002   PAD
    0x08007c10   0x000000cc   Code   RO         8294    i.chassis_task      chassis_task.o
    0x08007cdc   0x00000054   Code   RO         8295    i.chassis_vector_to_mecanum_wheel_speed  chassis_task.o
    0x08007d30   0x0000002c   Code   RO         8212    i.chassis_zero_force_control  chassis_behaviour.o
    0x08007d5c   0x000000cc   Code   RO         8574    i.cmd_cali_gimbal_hook  gimbal_task.o
    0x08007e28   0x0000006c   Code   RO         7181    i.delay_init        delay.o
    0x08007e94   0x00000050   Code   RO         7182    i.delay_ms          delay.o
    0x08007ee4   0x00000050   Code   RO         7183    i.delay_us          delay.o
    0x08007f34   0x00000054   Code   RO         6769    i.first_order_filter_cali  user_lib.o
    0x08007f88   0x00000024   Code   RO         6770    i.first_order_filter_init  user_lib.o
    0x08007fac   0x00000020   Code   RO         7252    i.flash_read        flash.o
    0x08007fcc   0x000000b8   Code   RO         7254    i.flash_write_single_address  flash.o
    0x08008084   0x00000018   Code   RO         7426    i.flow_led_off      led.o
    0x0800809c   0x00000018   Code   RO         7427    i.flow_led_on       led.o
    0x080080b4   0x0000002a   Code   RO         6771    i.fp32_constrain    user_lib.o
    0x080080de   0x00000002   PAD
    0x080080e0   0x00000008   Code   RO         9056    i.getReceviedU6     uarttask.o
    0x080080e8   0x00000038   Code   RO         7066    i.get_ADC           adc.o
    0x08008120   0x00000014   Code   RO         8088    i.get_Chassis_Motor_Measure_Point  can_receive.o
    0x08008134   0x00000008   Code   RO         8708    i.get_INS_angle_point  ins_task.o
    0x0800813c   0x00000008   Code   RO         8710    i.get_MPU6500_Gyro_Data_Point  ins_task.o
    0x08008144   0x00000008   Code   RO         8093    i.get_Pitch_Gimbal_Motor_Measure_Point  can_receive.o
    0x0800814c   0x00000008   Code   RO         8094    i.get_Trigger_Motor_Measure_Point  can_receive.o
    0x08008154   0x00000008   Code   RO         8095    i.get_Yaw_Gimbal_Motor_Measure_Point  can_receive.o
    0x0800815c   0x000000e8   Code   RO         9297    i.get_angle         AHRS.lib(ahrs.o)
    0x08008244   0x0000000c   Code   RO         8007    i.get_control_temperate  calibrate_task.o
    0x08008250   0x00000008   Code   RO         8575    i.get_pitch_motor_point  gimbal_task.o
    0x08008258   0x00000008   Code   RO         8836    i.get_remote_control_point  remote_control.o
    0x08008260   0x0000005c   Code   RO         7067    i.get_temprate      adc.o
    0x080082bc   0x00000008   Code   RO         8576    i.get_yaw_motor_point  gimbal_task.o
    0x080082c4   0x0000008c   Code   RO         8473    i.gimbal_behaviour_mode_set  gimbal_behaviour.o
    0x08008350   0x000002a4   Code   RO         8474    i.gimbal_behavour_set  gimbal_behaviour.o
    0x080085f4   0x00000c6c   Code   RO         9153    i.gimbal_current_set  gimbal_task_new.o
    0x08009260   0x00000018   Code   RO         9154    i.gimbal_init       gimbal_task_new.o
    0x08009278   0x0000009c   Code   RO         9155    i.gimbal_mode_change  gimbal_task_new.o
    0x08009314   0x00000074   Code   RO         9156    i.gimbal_mode_set   gimbal_task_new.o
    0x08009388   0x000000b4   Code   RO         9157    i.gimbal_motor_init  gimbal_task_new.o
    0x0800943c   0x000000ac   Code   RO         9158    i.gimbal_motor_update  gimbal_task_new.o
    0x080094e8   0x00000068   Code   RO         6628    i.gyro_offset       mpu6500driver.o
    0x08009550   0x00000058   Code   RO         6531    i.ist8310_GPIO_init  ist8310driver_middleware.o
    0x080095a8   0x0000002c   Code   RO         6533    i.ist8310_IIC_read_single_reg  ist8310driver_middleware.o
    0x080095d4   0x00000024   Code   RO         6535    i.ist8310_IIC_write_single_reg  ist8310driver_middleware.o
    0x080095f8   0x00000010   Code   RO         6536    i.ist8310_RST_H     ist8310driver_middleware.o
    0x08009608   0x00000010   Code   RO         6537    i.ist8310_RST_L     ist8310driver_middleware.o
    0x08009618   0x00000018   Code   RO         6538    i.ist8310_auto_com_by_mpu6500  ist8310driver_middleware.o
    0x08009630   0x00000002   Code   RO         6539    i.ist8310_com_init  ist8310driver_middleware.o
    0x08009632   0x0000000c   Code   RO         6540    i.ist8310_delay_ms  ist8310driver_middleware.o
    0x0800963e   0x0000000c   Code   RO         6541    i.ist8310_delay_us  ist8310driver_middleware.o
    0x0800964a   0x00000002   PAD
    0x0800964c   0x00000090   Code   RO         6496    i.ist8310_init      ist8310driver.o
    0x080096dc   0x00000084   Code   RO         6498    i.ist8310_read_over  ist8310driver.o
    0x08009760   0x00000012   Code   RO         9253    i.judgeTask         judge.o
    0x08009772   0x00000002   PAD
    0x08009774   0x0000003c   Code   RO         7387    i.laser_configuration  laser.o
    0x080097b0   0x00000014   Code   RO         7389    i.laser_on          laser.o
    0x080097c4   0x0000006c   Code   RO         7429    i.led_configuration  led.o
    0x08009830   0x00000014   Code   RO         7430    i.led_green_off     led.o
    0x08009844   0x00000014   Code   RO         7432    i.led_green_toggle  led.o
    0x08009858   0x00000014   Code   RO         7433    i.led_red_off       led.o
    0x0800986c   0x00000014   Code   RO         7435    i.led_red_toggle    led.o
    0x08009880   0x00000060   Code   RO         6776    i.loop_fp32_constrain  user_lib.o
    0x080098e0   0x00000016   Code   RO         6871    i.main              main.o
    0x080098f6   0x00000002   PAD
    0x080098f8   0x00000034   Code   RO         8580    i.motor_ecd_to_angle_change  gimbal_task.o
    0x0800992c   0x00000034   Code   RO         6682    i.mpu6500_GPIO_init  mpu6500driver_middleware.o
    0x08009960   0x00000010   Code   RO         6683    i.mpu6500_SPI_NS_H  mpu6500driver_middleware.o
    0x08009970   0x00000010   Code   RO         6684    i.mpu6500_SPI_NS_L  mpu6500driver_middleware.o
    0x08009980   0x00000054   Code   RO         6685    i.mpu6500_SPI_read_write_byte  mpu6500driver_middleware.o
    0x080099d4   0x00000008   Code   RO         6686    i.mpu6500_com_init  mpu6500driver_middleware.o
    0x080099dc   0x000000c4   Code   RO         6629    i.mpu6500_init      mpu6500driver.o
    0x08009aa0   0x0000000c   Code   RO         6687    i.mpu6500_middleware_delay_ms  mpu6500driver_middleware.o
    0x08009aac   0x0000000c   Code   RO         6688    i.mpu6500_middleware_delay_us  mpu6500driver_middleware.o
    0x08009ab8   0x00000140   Code   RO         6632    i.mpu6500_read_over  mpu6500driver.o
    0x08009bf8   0x00000020   Code   RO         6690    i.mpu6500_read_single_reg  mpu6500driver_middleware.o
    0x08009c18   0x00000034   Code   RO         6691    i.mpu6500_write_muli_reg  mpu6500driver_middleware.o
    0x08009c4c   0x0000001c   Code   RO         6692    i.mpu6500_write_single_reg  mpu6500driver_middleware.o
    0x08009c68   0x00000030   Code   RO         5776    i.pcTaskGetName     tasks.o
    0x08009c98   0x00000048   Code   RO         7511    i.power_ctrl_configuration  power_ctrl.o
    0x08009ce0   0x00000020   Code   RO         7512    i.power_ctrl_off    power_ctrl.o
    0x08009d00   0x00000020   Code   RO         7513    i.power_ctrl_on     power_ctrl.o
    0x08009d20   0x00000098   Code   RO         5777    i.prvAddCurrentTaskToDelayedList  tasks.o
    0x08009db8   0x000000b8   Code   RO         5778    i.prvAddNewTaskToReadyList  tasks.o
    0x08009e70   0x00000064   Code   RO         6146    i.prvCheckForValidListAndQueue  timers.o
    0x08009ed4   0x00000064   Code   RO         5779    i.prvCheckTasksWaitingTermination  tasks.o
    0x08009f38   0x0000002a   Code   RO         5541    i.prvCopyDataFromQueue  queue.o
    0x08009f62   0x0000007c   Code   RO         5542    i.prvCopyDataToQueue  queue.o
    0x08009fde   0x00000012   Code   RO         5780    i.prvDeleteTCB      tasks.o
    0x08009ff0   0x00000028   Code   RO         6147    i.prvGetNextExpireTime  timers.o
    0x0800a018   0x0000007c   Code   RO         6276    i.prvHeapInit       heap_4.o
    0x0800a094   0x00000028   Code   RO         5781    i.prvIdleTask       tasks.o
    0x0800a0bc   0x0000002e   Code   RO         5544    i.prvInitialiseNewQueue  queue.o
    0x0800a0ea   0x000000b4   Code   RO         5782    i.prvInitialiseNewTask  tasks.o
    0x0800a19e   0x00000002   PAD
    0x0800a1a0   0x00000068   Code   RO         5783    i.prvInitialiseTaskLists  tasks.o
    0x0800a208   0x00000068   Code   RO         6277    i.prvInsertBlockIntoFreeList  heap_4.o
    0x0800a270   0x00000058   Code   RO         6149    i.prvInsertTimerInActiveList  timers.o
    0x0800a2c8   0x0000001a   Code   RO         5545    i.prvIsQueueEmpty   queue.o
    0x0800a2e2   0x0000001e   Code   RO         5546    i.prvIsQueueFull    queue.o
    0x0800a300   0x00000090   Code   RO         5547    i.prvNotifyQueueSetContainer  queue.o
    0x0800a390   0x00000064   Code   RO         6150    i.prvProcessExpiredTimer  timers.o
    0x0800a3f4   0x000000f8   Code   RO         6151    i.prvProcessReceivedCommands  timers.o
    0x0800a4ec   0x00000074   Code   RO         6152    i.prvProcessTimerOrBlockTask  timers.o
    0x0800a560   0x00000034   Code   RO         5785    i.prvResetNextTaskUnblockTime  tasks.o
    0x0800a594   0x0000002c   Code   RO         6153    i.prvSampleTimeNow  timers.o
    0x0800a5c0   0x0000009e   Code   RO         5786    i.prvSearchForNameWithinSingleList  tasks.o
    0x0800a65e   0x00000002   PAD
    0x0800a660   0x000000a0   Code   RO         6154    i.prvSwitchTimerLists  timers.o
    0x0800a700   0x00000016   Code   RO         5787    i.prvTaskCheckFreeStackSpace  tasks.o
    0x0800a716   0x00000002   PAD
    0x0800a718   0x00000040   Code   RO         6326    i.prvTaskExitError  port.o
    0x0800a758   0x0000001a   Code   RO         6155    i.prvTimerTask      timers.o
    0x0800a772   0x00000092   Code   RO         5548    i.prvUnlockQueue    queue.o
    0x0800a804   0x0000013c   Code   RO         6278    i.pvPortMalloc      heap_4.o
    0x0800a940   0x00000020   Code   RO         5790    i.pvTaskIncrementMutexHeldCount  tasks.o
    0x0800a960   0x0000002c   Code   RO         6327    i.pxPortInitialiseStack  port.o
    0x0800a98c   0x00000084   Code   RO         9302    i.quat_normalization  AHRS.lib(ahrs.o)
    0x0800aa10   0x0000002c   Code   RO         6778    i.ramp_init         user_lib.o
    0x0800aa3c   0x00000014   Code   RO         8837    i.remote_control_init  remote_control.o
    0x0800aa50   0x00000008   Code   RO         8581    i.returnNewControlGimbal  gimbal_task.o
    0x0800aa58   0x00000038   Code   RO         7758    i.sensor_Init       sensor.o
    0x0800aa90   0x00000020   Code   RO         8582    i.set_cali_gimbal_hook  gimbal_task.o
    0x0800aab0   0x00000040   Code   RO         9216    i.shoot_can_control  shoot_task_new.o
    0x0800aaf0   0x000000c8   Code   RO         8911    i.shoot_init        shoot.o
    0x0800abb8   0x0000000a   Code   RO         8838    i.slove_RC_lost     remote_control.o
    0x0800abc2   0x0000000a   Code   RO         8839    i.slove_data_error  remote_control.o
    0x0800abcc   0x0000003e   Code   RO         9904    i.sqrtf             m_wm.l(sqrtf_full.o)
    0x0800ac0a   0x00000002   PAD
    0x0800ac0c   0x00000030   Code   RO         8977    i.startTast         start_task.o
    0x0800ac3c   0x000001a8   Code   RO         8978    i.start_task        start_task.o
    0x0800ade4   0x000000bc   Code   RO         7323    i.steeringGear      fric.o
    0x0800aea0   0x00000018   Code   RO         7324    i.steeringGearMax   fric.o
    0x0800aeb8   0x00000018   Code   RO         7325    i.steeringGearMin   fric.o
    0x0800aed0   0x0000002c   Code   RO         7068    i.temperature_ADC_Reset  adc.o
    0x0800aefc   0x00000054   Code   RO         7069    i.temperature_ADC_init  adc.o
    0x0800af50   0x00000060   Code   RO         8979    i.timeTask          start_task.o
    0x0800afb0   0x00000018   Code   RO         8365    i.toe_is_error      detect_task.o
    0x0800afc8   0x00000268   Code   RO         9061    i.uartTask          uarttask.o
    0x0800b230   0x00000074   Code   RO         5791    i.ulTaskNotifyTake  tasks.o
    0x0800b2a4   0x0000007a   Code   RO         9303    i.update_w          AHRS.lib(ahrs.o)
    0x0800b31e   0x00000028   Code   RO         5504    i.uxListRemove      list.o
    0x0800b346   0x00000002   PAD
    0x0800b348   0x00000028   Code   RO         5793    i.uxTaskGetStackHighWaterMark  tasks.o
    0x0800b370   0x0000001a   Code   RO         5505    i.vListInitialise   list.o
    0x0800b38a   0x00000006   Code   RO         5506    i.vListInitialiseItem  list.o
    0x0800b390   0x00000034   Code   RO         5507    i.vListInsert       list.o
    0x0800b3c4   0x00000018   Code   RO         5508    i.vListInsertEnd    list.o
    0x0800b3dc   0x00000054   Code   RO         6329    i.vPortEnterCritical  port.o
    0x0800b430   0x0000003c   Code   RO         6330    i.vPortExitCritical  port.o
    0x0800b46c   0x00000094   Code   RO         6279    i.vPortFree         heap_4.o
    0x0800b500   0x00000002   Code   RO         8423    i.vPortSetupTimerInterrupt  freertos_middleware.o
    0x0800b502   0x00000002   PAD
    0x0800b504   0x00000078   Code   RO         6331    i.vPortValidateInterruptPriority  port.o
    0x0800b57c   0x0000002c   Code   RO         5554    i.vQueueAddToRegistry  queue.o
    0x0800b5a8   0x0000004a   Code   RO         5558    i.vQueueWaitForMessageRestricted  queue.o
    0x0800b5f2   0x00000002   PAD
    0x0800b5f4   0x0000005c   Code   RO         5799    i.vTaskDelay        tasks.o
    0x0800b650   0x000000f4   Code   RO         5801    i.vTaskDelete       tasks.o
    0x0800b744   0x0000000c   Code   RO         5805    i.vTaskMissedYield  tasks.o
    0x0800b750   0x000000f0   Code   RO         5806    i.vTaskNotifyGiveFromISR  tasks.o
    0x0800b840   0x00000038   Code   RO         5807    i.vTaskPlaceOnEventList  tasks.o
    0x0800b878   0x00000040   Code   RO         5808    i.vTaskPlaceOnEventListRestricted  tasks.o
    0x0800b8b8   0x000000b0   Code   RO         5810    i.vTaskPriorityInherit  tasks.o
    0x0800b968   0x00000030   Code   RO         5814    i.vTaskSetTimeOutState  tasks.o
    0x0800b998   0x00000094   Code   RO         5815    i.vTaskStartScheduler  tasks.o
    0x0800ba2c   0x00000010   Code   RO         5817    i.vTaskSuspendAll   tasks.o
    0x0800ba3c   0x0000008c   Code   RO         5818    i.vTaskSwitchContext  tasks.o
    0x0800bac8   0x0000013c   Code   RO         6332    i.xPortStartScheduler  port.o
    0x0800bc04   0x00000034   Code   RO         6333    i.xPortSysTickHandler  port.o
    0x0800bc38   0x00000058   Code   RO         5563    i.xQueueGenericCreate  queue.o
    0x0800bc90   0x000001c4   Code   RO         5564    i.xQueueGenericReceive  queue.o
    0x0800be54   0x00000098   Code   RO         5565    i.xQueueGenericReset  queue.o
    0x0800beec   0x000001c8   Code   RO         5566    i.xQueueGenericSend  queue.o
    0x0800c0b4   0x00000108   Code   RO         5567    i.xQueueGenericSendFromISR  queue.o
    0x0800c1bc   0x0000008c   Code   RO         5819    i.xTaskCheckForTimeOut  tasks.o
    0x0800c248   0x00000060   Code   RO         5820    i.xTaskCreate       tasks.o
    0x0800c2a8   0x000000a4   Code   RO         5824    i.xTaskGetHandle    tasks.o
    0x0800c34c   0x00000020   Code   RO         5825    i.xTaskGetSchedulerState  tasks.o
    0x0800c36c   0x0000000c   Code   RO         5826    i.xTaskGetTickCount  tasks.o
    0x0800c378   0x00000148   Code   RO         5828    i.xTaskIncrementTick  tasks.o
    0x0800c4c0   0x000000c8   Code   RO         5831    i.xTaskPriorityDisinherit  tasks.o
    0x0800c588   0x00000098   Code   RO         5832    i.xTaskRemoveFromEventList  tasks.o
    0x0800c620   0x00000104   Code   RO         5834    i.xTaskResumeAll    tasks.o
    0x0800c724   0x00000054   Code   RO         6159    i.xTimerCreateTimerTask  timers.o
    0x0800c778   0x00000084   Code   RO         6160    i.xTimerGenericCommand  timers.o
    0x0800c7fc   0x0000000c   Data   RO         6499    .constdata          ist8310driver.o
    0x0800c808   0x0000002a   Data   RO         6634    .constdata          mpu6500driver.o
    0x0800c832   0x0000000f   Data   RO         8009    .constdata          calibrate_task.o
    0x0800c841   0x00000003   PAD
    0x0800c844   0x0000002c   Data   RO         8297    .constdata          chassis_task.o
    0x0800c870   0x00000030   Data   RO         8367    .constdata          detect_task.o
    0x0800c8a0   0x00000018   Data   RO         8584    .constdata          gimbal_task.o
    0x0800c8b8   0x00000030   Data   RO         8712    .constdata          ins_task.o
    0x0800c8e8   0x00000018   Data   RO         8914    .constdata          shoot.o
    0x0800c900   0x00000310   Data   RO         9063    .constdata          uarttask.o
    0x0800cc10   0x00000048   Data   RO         9160    .constdata          gimbal_task_new.o
    0x0800cc58   0x0000000c   Data   RO         9304    .constdata          AHRS.lib(ahrs.o)
    0x0800cc64   0x00000804   Data   RO         9514    .constdata          arm_cortexM4lf_math.lib(arm_common_tables.o)
    0x0800d468   0x00000020   Data   RO         9959    Region$$Table       anon$$obj.o


    Execution Region RW_IRAM1 (Base: 0x20000000, Size: 0x000216c0, Max: 0x00030000, ABSOLUTE, COMPRESSED[0x0000007c])

    Base Addr    Size         Type   Attr      Idx    E Section Name        Object

    0x20000000   0x00000014   Data   RW          187    .data               system_stm32f4xx.o
    0x20000014   0x00000010   Data   RW         3212    .data               stm32f4xx_rcc.o
    0x20000024   0x0000003c   Data   RW         5837    .data               tasks.o
    0x20000060   0x00000014   Data   RW         6166    .data               timers.o
    0x20000074   0x00000018   Data   RW         6284    .data               heap_4.o
    0x2000008c   0x0000000c   Data   RW         6334    .data               port.o
    0x20000098   0x00000001   Data   RW         6635    .data               mpu6500driver.o
    0x20000099   0x00000003   PAD
    0x2000009c   0x00000008   Data   RW         7184    .data               delay.o
    0x200000a4   0x00000005   Data   RW         7858    .data               usart2.o
    0x200000a9   0x00000001   PAD
    0x200000aa   0x00000023   Data   RW         7944    .data               usart6_dma.o
    0x200000cd   0x00000003   PAD
    0x200000d0   0x00000054   Data   RW         8010    .data               calibrate_task.o
    0x20000124   0x00000001   Data   RW         8097    .data               can_receive.o
    0x20000125   0x00000003   PAD
    0x20000128   0x0000003d   Data   RW         8213    .data               chassis_behaviour.o
    0x20000165   0x00000003   PAD
    0x20000168   0x00000008   Data   RW         8298    .data               chassis_task.o
    0x20000170   0x0000000e   Data   RW         8368    .data               detect_task.o
    0x2000017e   0x00000002   PAD
    0x20000180   0x00000008   Data   RW         8424    .data               freertos_middleware.o
    0x20000188   0x00000024   Data   RW         8482    .data               gimbal_behaviour.o
    0x200001ac   0x00000014   Data   RW         8585    .data               gimbal_task.o
    0x200001c0   0x00000080   Data   RW         8713    .data               ins_task.o
    0x20000240   0x00000002   Data   RW         8841    .data               remote_control.o
    0x20000242   0x00000002   PAD
    0x20000244   0x0000001c   Data   RW         8915    .data               shoot.o
    0x20000260   0x0000002c   Data   RW         8981    .data               start_task.o
    0x2000028c   0x00000004   Data   RW         9024    .data               user_task.o
    0x20000290   0x00000030   Data   RW         9064    .data               uarttask.o
    0x200002c0   0x00000048   Data   RW         9161    .data               gimbal_task_new.o
    0x20000308   0x00000010   Data   RW         9218    .data               shoot_task_new.o
    0x20000318   0x00000001   Data   RW         9255    .data               judge.o
    0x20000319   0x00000003   PAD
    0x2000031c   0x00000010   Data   RW         9305    .data               AHRS.lib(ahrs.o)
    0x2000032c   0x00000004   Data   RW         9944    .data               mc_w.l(errno.o)
    0x20000330   0x00000040   Zero   RW         5578    .bss                queue.o
    0x20000370   0x000002e4   Zero   RW         5836    .bss                tasks.o
    0x20000654   0x00000028   Zero   RW         6165    .bss                timers.o
    0x2000067c   0x00020000   Zero   RW         6283    .bss                heap_4.o
    0x2002067c   0x00000046   Zero   RW         7857    .bss                usart2.o
    0x200206c2   0x0000001e   Zero   RW         7943    .bss                usart6_dma.o
    0x200206e0   0x0000009d   Zero   RW         8008    .bss                calibrate_task.o
    0x2002077d   0x00000003   PAD
    0x20020780   0x000000d4   Zero   RW         8096    .bss                can_receive.o
    0x20020854   0x00000274   Zero   RW         8296    .bss                chassis_task.o
    0x20020ac8   0x00000144   Zero   RW         8366    .bss                detect_task.o
    0x20020c0c   0x00000218   Zero   RW         8583    .bss                gimbal_task.o
    0x20020e24   0x00000124   Zero   RW         8711    .bss                ins_task.o
    0x20020f48   0x0000005e   Zero   RW         8840    .bss                remote_control.o
    0x20020fa6   0x00000002   PAD
    0x20020fa8   0x000000a8   Zero   RW         8913    .bss                shoot.o
    0x20021050   0x00000009   Zero   RW         8980    .bss                start_task.o
    0x20021059   0x00000003   PAD
    0x2002105c   0x0000000c   Zero   RW         9023    .bss                user_task.o
    0x20021068   0x00000078   Zero   RW         9062    .bss                uarttask.o
    0x200210e0   0x000001b0   Zero   RW         9159    .bss                gimbal_task_new.o
    0x20021290   0x0000000c   Zero   RW         9217    .bss                shoot_task_new.o
    0x2002129c   0x0000001e   Zero   RW         9254    .bss                judge.o
    0x200212ba   0x00000006   PAD
    0x200212c0   0x00000400   Zero   RW            1    STACK               startup_stm32f427xx.o


==============================================================================

Image component sizes


      Code (inc. data)   RO Data    RW Data    ZI Data      Debug   Object Name

       276         26          0          0          0       2238   adc.o
       196         12          0          0          0       5188   ahrs_middleware.o
       228         20          0          0          0       1867   buzzer.o
      1904        110         15         84        157       9368   calibrate_task.o
       548         16          0          0          0       2078   can.o
      1044        110          0          1        212       8161   can_receive.o
      2028        216          0         61          0      16864   chassis_behaviour.o
      2726        142         44          8        628      11301   chassis_task.o
         0          0          0          0          0       7176   croutine.o
       268         26          0          8          0       2135   delay.o
      1568         80         48         14        324       5231   detect_task.o
         0          0          0          0          0      11800   event_groups.o
       136          6          0          0          0        704   exit_init.o
      1148        178          0          0          0       4110   flash.o
        66          8          0          8          0       2346   freertos_middleware.o
       400         26          0          0          0       2619   fric.o
       816         38          0         36          0       9286   gimbal_behaviour.o
      1530         98         24         20        536      10878   gimbal_task.o
      3828        414         72         72        432       7166   gimbal_task_new.o
       692         62          0         24     131072       4371   heap_4.o
      1576        208         48        128        292       9944   ins_task.o
       276         10         12          0          0       2499   ist8310driver.o
       250         24          0          0          0       5564   ist8310driver_middleware.o
       234         22          0          1         30       2360   judge.o
        80         12          0          0          0       1037   laser.o
       236         46          0          0          0       3547   led.o
       148          0          0          0          0       3186   list.o
       192          0          0          0          0       9622   main.o
       180         24          0          0          0       2001   misc.o
       620         26         42          1          0       4209   mpu6500driver.o
       312         18          0          0          0       6395   mpu6500driver_middleware.o
       668         12          0          0          0       2834   pid.o
       922         86          0         12          0      10966   port.o
       136         18          0          0          0       1788   power_ctrl.o
      2088         22          0          0         64      16909   queue.o
       432         36          0          0          0       2307   rc.o
       674         38          0          2         94       6879   remote_control.o
        56          6          0          0          0       9806   sensor.o
       700         86         24         28        168       5330   shoot.o
       508         42          0         16         12       2557   shoot_task_new.o
       604         36          0          0          0       2647   spi.o
       568        214          0         44          9       2293   start_task.o
        52         14        428          0       1024        856   startup_stm32f427xx.o
       424         34          0          0          0       6477   stm32f4xx_adc.o
      1566         16          0          0          0       6262   stm32f4xx_can.o
       782         68          0          0          0       9130   stm32f4xx_dma.o
       184         16          0          0          0       2020   stm32f4xx_exti.o
       402         40          0          0          0       4353   stm32f4xx_flash.o
       248          0          0          0          0       3957   stm32f4xx_gpio.o
        20          0          0          0          0     354353   stm32f4xx_it.o
       392         48          0         16          0       5701   stm32f4xx_rcc.o
       130          0          0          0          0       3983   stm32f4xx_spi.o
        64          4          0          0          0        636   stm32f4xx_syscfg.o
      1008        102          0          0          0       9113   stm32f4xx_tim.o
       680         42          0          0          0       5970   stm32f4xx_usart.o
       392         32          0         20          0     325349   system_stm32f4xx.o
      3866        474          0         60        740      28622   tasks.o
       340         14          0          0          0       1536   timer.o
      1138        116          0         20         40      17187   timers.o
       624        102        784         48        120       2652   uarttask.o
       686         52          0          5         70       4557   usart2.o
       696         52          0         35         30       4666   usart6_dma.o
       302          8          0          0          0       4263   user_lib.o
       108         12          0          4         12       1248   user_task.o

    ----------------------------------------------------------------------
     45026       3820       1576        796     136080    1042458   Object Totals
         0          0         32          0          0          0   (incl. Generated)
        60          0          3         20         14          0   (incl. Padding)

    ----------------------------------------------------------------------

      Code (inc. data)   RO Data    RW Data    ZI Data      Debug   Library Member Name

      2718         84         12         16          0       9922   ahrs.o
         0          0       2052          0          0       4636   arm_common_tables.o
       120         12          0          0          0      16970   arm_cos_f32.o
       116         12          0          0          0        658   arm_sin_f32.o
       300         42          0          0          0        176   asinf.o
       592         90          0          0          0        184   atan2f.o
        20          0          0          0          0        124   fabs.o
        38          0          0          0          0        116   fpclassifyf.o
        44         12          0          0          0        464   funder.o
        62          0          0          0          0        136   sqrtf_full.o
        86          0          0          0          0          0   __dczerorl2.o
         0          0          0          0          0          0   entry.o
         0          0          0          0          0          0   entry10a.o
         0          0          0          0          0          0   entry11a.o
         8          4          0          0          0          0   entry2.o
         4          0          0          0          0          0   entry5.o
         0          0          0          0          0          0   entry7b.o
         0          0          0          0          0          0   entry8b.o
         8          4          0          0          0          0   entry9a.o
        12          6          0          4          0         68   errno.o
        30          0          0          0          0          0   handlers.o
        36          8          0          0          0         68   init.o
         0          0          0          0          0          0   iusefp.o
        30          0          0          0          0         68   llshl.o
        36          0          0          0          0         68   llsshr.o
        32          0          0          0          0         68   llushr.o
        36          0          0          0          0         68   memcpya.o
        36          0          0          0          0        108   memseta.o
        14          0          0          0          0         68   strlen.o
        48          0          0          0          0         68   cdcmple.o
        48          0          0          0          0         68   cdrcmple.o
        56          0          0          0          0         88   d2f.o
       334          0          0          0          0        148   dadd.o
       222          0          0          0          0        100   ddiv.o
       186          0          0          0          0        176   depilogue.o
        50          0          0          0          0         76   dfixui.o
        34          0          0          0          0         76   dflti.o
       228          0          0          0          0         96   dmul.o
        38          0          0          0          0         68   f2d.o
       110          0          0          0          0        168   fepilogue.o

    ----------------------------------------------------------------------
      5742        274       2064         20          0      35102   Library Totals
        10          0          0          0          0          0   (incl. Padding)

    ----------------------------------------------------------------------

      Code (inc. data)   RO Data    RW Data    ZI Data      Debug   Library Name

      2718         84         12         16          0       9922   AHRS.lib
       236         24       2052          0          0      22264   arm_cortexM4lf_math.lib
      1056        144          0          0          0       1200   m_wm.l
       368         22          0          4          0        584   mc_w.l
      1354          0          0          0          0       1132   mf_w.l

    ----------------------------------------------------------------------
      5742        274       2064         20          0      35102   Library Totals

    ----------------------------------------------------------------------

==============================================================================


      Code (inc. data)   RO Data    RW Data    ZI Data      Debug   

     50768       4094       3640        816     136080    1040912   Grand Totals
     50768       4094       3640        124     136080    1040912   ELF Image Totals (compressed)
     50768       4094       3640        124          0          0   ROM Totals

==============================================================================

    Total RO  Size (Code + RO Data)                54408 (  53.13kB)
    Total RW  Size (RW Data + ZI Data)            136896 ( 133.69kB)
    Total ROM Size (Code + RO Data + RW Data)      54532 (  53.25kB)

==============================================================================

