BL51 BANKED LINKER/LOCATER V6.22                                                        04/18/2020  23:03:07  PAGE 1


BL51 BANKED LINKER/LOCATER V6.22, INVOKED BY:
C:\KEIL_C51\C51\BIN\BL51.EXE main.obj TO test2


INPUT MODULES INCLUDED:
  main.obj (MAIN)


LINK MAP OF MODULE:  test2 (MAIN)


            TYPE    BASE      LENGTH    RELOCATION   SEGMENT NAME
            -----------------------------------------------------

            * * * * * * *   D A T A   M E M O R Y   * * * * * * *
            REG     0000H     0008H     ABSOLUTE     "REG BANK 0"

            * * * * * * *   C O D E   M E M O R Y   * * * * * * *
            CODE    0000H     0046H     ABSOLUTE     



SYMBOL TABLE OF MODULE:  test2 (MAIN)

  VALUE           TYPE          NAME
  ----------------------------------

  -------         MODULE        MAIN
  C:0040H         SYMBOL        HANDL
  D:00A8H         SYMBOL        IE
  D:0090H         SYMBOL        P1
  D:0087H         SYMBOL        PCON
  C:003CH         SYMBOL        RECEIVE
  B:0098H.0       SYMBOL        RI
  D:0099H         SYMBOL        SBUF
  D:0098H         SYMBOL        SCON
  C:0026H         SYMBOL        START
  D:008DH         SYMBOL        TH1
  D:008BH         SYMBOL        TL1
  D:0089H         SYMBOL        TMOD
  B:0088H.6       SYMBOL        TR1
  C:0000H         LINE#         2
  C:0023H         LINE#         4
  C:0026H         LINE#         6
  C:0029H         LINE#         7
  C:002CH         LINE#         8
  C:002FH         LINE#         9
  C:0032H         LINE#         10
  C:0035H         LINE#         11
  C:0038H         LINE#         12
  C:003AH         LINE#         13
  C:003CH         LINE#         15
  C:003FH         LINE#         16
  C:0040H         LINE#         18
  C:0043H         LINE#         19
  C:0045H         LINE#         20
  -------         ENDMOD        MAIN

BL51 BANKED LINKER/LOCATER V6.22                                                      04/18/2020  23:03:07  PAGE 2


Program Size: data=8.0 xdata=0 code=70
LINK/LOCATE RUN COMPLETE.  0 WARNING(S),  0 ERROR(S)
