BL51 BANKED LINKER/LOCATER V6.22                                                        04/18/2020  23:08:22  PAGE 1


BL51 BANKED LINKER/LOCATER V6.22, INVOKED BY:
C:\KEIL_C51\C51\BIN\BL51.EXE main.obj TO test2


INPUT MODULES INCLUDED:
  main.obj (MAIN)


LINK MAP OF MODULE:  test2 (MAIN)


            TYPE    BASE      LENGTH    RELOCATION   SEGMENT NAME
            -----------------------------------------------------

            * * * * * * *   D A T A   M E M O R Y   * * * * * * *
            REG     0000H     0008H     ABSOLUTE     "REG BANK 0"

            * * * * * * *   C O D E   M E M O R Y   * * * * * * *
            CODE    0000H     0030H     ABSOLUTE     



SYMBOL TABLE OF MODULE:  test2 (MAIN)

  VALUE           TYPE          NAME
  ----------------------------------

  -------         MODULE        MAIN
  C:0017H         SYMBOL        LOOP
  D:00A0H         SYMBOL        P2
  D:0087H         SYMBOL        PCON
  D:0099H         SYMBOL        SBUF
  D:0098H         SYMBOL        SCON
  C:0022H         SYMBOL        SEND
  C:0003H         SYMBOL        START
  D:008DH         SYMBOL        TH1
  B:0098H.1       SYMBOL        TI
  D:008BH         SYMBOL        TL1
  D:0089H         SYMBOL        TMOD
  B:0088H.6       SYMBOL        TR1
  C:0000H         LINE#         2
  C:0003H         LINE#         5
  C:0006H         LINE#         6
  C:0009H         LINE#         7
  C:000CH         LINE#         8
  C:000FH         LINE#         9
  C:0012H         LINE#         10
  C:0014H         LINE#         11
  C:0017H         LINE#         13
  C:0019H         LINE#         14
  C:001CH         LINE#         15
  C:001FH         LINE#         16
  C:0022H         LINE#         18
  C:0024H         LINE#         19
  C:0026H         LINE#         20
  C:0028H         LINE#         21
  C:002BH         LINE#         22
  C:002DH         LINE#         23
BL51 BANKED LINKER/LOCATER V6.22                                                      04/18/2020  23:08:22  PAGE 2


  -------         ENDMOD        MAIN

Program Size: data=8.0 xdata=0 code=48
LINK/LOCATE RUN COMPLETE.  0 WARNING(S),  0 ERROR(S)
